Component: ARM Compiler 5.06 update 4 (build 422) Tool: armlink [4d35d2]

==============================================================================

Section Cross References

    startup_stm32f767xx.o(RESET) refers to startup_stm32f767xx.o(STACK) for __initial_sp
    startup_stm32f767xx.o(RESET) refers to startup_stm32f767xx.o(.text) for Reset_Handler
    startup_stm32f767xx.o(RESET) refers to stm32f7xx_it.o(i.NMI_Handler) for NMI_Handler
    startup_stm32f767xx.o(RESET) refers to stm32f7xx_it.o(i.HardFault_Handler) for HardFault_Handler
    startup_stm32f767xx.o(RESET) refers to stm32f7xx_it.o(i.MemManage_Handler) for MemManage_Handler
    startup_stm32f767xx.o(RESET) refers to stm32f7xx_it.o(i.BusFault_Handler) for BusFault_Handler
    startup_stm32f767xx.o(RESET) refers to stm32f7xx_it.o(i.UsageFault_Handler) for UsageFault_Handler
    startup_stm32f767xx.o(RESET) refers to stm32f7xx_it.o(i.SVC_Handler) for SVC_Handler
    startup_stm32f767xx.o(RESET) refers to stm32f7xx_it.o(i.DebugMon_Handler) for DebugMon_Handler
    startup_stm32f767xx.o(RESET) refers to stm32f7xx_it.o(i.PendSV_Handler) for PendSV_Handler
    startup_stm32f767xx.o(RESET) refers to stm32f7xx_it.o(i.SysTick_Handler) for SysTick_Handler
    startup_stm32f767xx.o(RESET) refers to stm32f7xx_it.o(i.DMA1_Stream3_IRQHandler) for DMA1_Stream3_IRQHandler
    startup_stm32f767xx.o(RESET) refers to stm32f7xx_it.o(i.USART1_IRQHandler) for USART1_IRQHandler
    startup_stm32f767xx.o(RESET) refers to stm32f7xx_it.o(i.USART2_IRQHandler) for USART2_IRQHandler
    startup_stm32f767xx.o(RESET) refers to stm32f7xx_it.o(i.USART3_IRQHandler) for USART3_IRQHandler
    startup_stm32f767xx.o(RESET) refers to stm32f7xx_it.o(i.UART4_IRQHandler) for UART4_IRQHandler
    startup_stm32f767xx.o(RESET) refers to stm32f7xx_it.o(i.TIM6_DAC_IRQHandler) for TIM6_DAC_IRQHandler
    startup_stm32f767xx.o(.text) refers to system_stm32f7xx.o(i.SystemInit) for SystemInit
    startup_stm32f767xx.o(.text) refers to entry.o(.ARM.Collect$$$$00000000) for __main
    system_stm32f7xx.o(i.SystemCoreClockUpdate) refers to system_stm32f7xx.o(.data) for SystemCoreClock
    system_stm32f7xx.o(i.SystemCoreClockUpdate) refers to system_stm32f7xx.o(.constdata) for AHBPrescTable
    mainentry.o(i.HeartPulse) refers to dvc_led.o(i.LED_Toggle) for LED_Toggle
    mainentry.o(i.HeartPulse) refers to mainentry.o(.data) for counter
    mainentry.o(i.MainEntry) refers to device.o(i.InitDevice) for InitDevice
    mainentry.o(i.MainEntry) refers to mainentry.o(i.HeartPulse) for HeartPulse
    mainentry.o(i.MainEntry) refers to mg354_spi.o(i.Read_IMU_SPI_Burst) for Read_IMU_SPI_Burst
    mainentry.o(i.MainEntry) refers to message.o(i.SampleAndSendImuData) for SampleAndSendImuData
    mainentry.o(i.MainEntry) refers to device.o(.data) for f10ms
    mainentry.o(i.MainEntry) refers to mg354_spi.o(.data) for RecFlagSPI
    mainentry.o(i.MainEntry) refers to device.o(.bss) for MG354
    global.o(i.PushBytesDoubleBuffer) refers to global.o(i.PushDoubleBuffer) for PushDoubleBuffer
    global.o(i.PushWordDoubleBuffer) refers to global.o(i.PushDoubleBuffer) for PushDoubleBuffer
    device.o(i.HAL_TIM_PeriodElapsedCallback) refers to tim.o(.bss) for htim6
    device.o(i.HAL_TIM_PeriodElapsedCallback) refers to device.o(.data) for f10ms
    device.o(i.HAL_UART_ErrorCallback) refers to stm32f7xx_hal_uart.o(i.HAL_UART_GetError) for HAL_UART_GetError
    device.o(i.HAL_UART_RxCpltCallback) refers to enhancedstm32.o(i.RecieveInputStream_IT) for RecieveInputStream_IT
    device.o(i.HAL_UART_RxCpltCallback) refers to enhancedstm32.o(i.DmaCircularBufferIrqHandle) for DmaCircularBufferIrqHandle
    device.o(i.HAL_UART_RxCpltCallback) refers to device.o(.bss) for g_Usart1InputStream
    device.o(i.HAL_UART_RxCpltCallback) refers to device.o(.data) for g_Usart5InputStream
    device.o(i.InitDevice) refers to stm32f7xx_hal_gpio.o(i.HAL_GPIO_WritePin) for HAL_GPIO_WritePin
    device.o(i.InitDevice) refers to stm32f7xx_hal.o(i.HAL_Delay) for HAL_Delay
    device.o(i.InitDevice) refers to stm32f7xx_hal_tim.o(i.HAL_TIM_Base_Start_IT) for HAL_TIM_Base_Start_IT
    device.o(i.InitDevice) refers to mg354_spi.o(i.MG354_Init_SPI) for MG354_Init_SPI
    device.o(i.InitDevice) refers to mg354_spi.o(i.Read_IMU_Start_SPI) for Read_IMU_Start_SPI
    device.o(i.InitDevice) refers to usart.o(.bss) for huart3
    device.o(i.InitDevice) refers to device.o(.data) for g_Usart3OutputStream
    device.o(i.InitDevice) refers to tim.o(.bss) for htim6
    device.o(i.SampleImuDataMG354) refers to mg354_spi.o(i.ParaseIMU_SPI) for ParaseIMU_SPI
    device.o(i.SampleImuDataMG354) refers to device.o(.bss) for MG354
    device.o(i.fputc) refers to stm32f7xx_hal_uart.o(i.HAL_UART_Transmit) for HAL_UART_Transmit
    device.o(i.fputc) refers to usart.o(.bss) for huart3
    device.o(.data) refers to device.o(.bss) for g_USART1_Buffer_memory
    dvc_led.o(i.LED_GetStauts) refers to stm32f7xx_hal_gpio.o(i.HAL_GPIO_ReadPin) for HAL_GPIO_ReadPin
[...]
    Removing stm32f7xx_hal_msp.o(.rev16_text), (4 bytes).
    Removing stm32f7xx_hal_msp.o(.revsh_text), (4 bytes).
    Removing stm32f7xx_hal_msp.o(.rrx_text), (6 bytes).
    Removing message.o(.rev16_text), (4 bytes).
    Removing message.o(.revsh_text), (4 bytes).
    Removing message.o(.rrx_text), (6 bytes).
    Removing message.o(i.InitMessage), (88 bytes).
    Removing message.o(i.ParseFrameUsart1), (24 bytes).
    Removing message.o(i.ParseFrameUsart3), (24 bytes).
    Removing message.o(i.ParseFrameUsart5), (24 bytes).
    Removing message.o(i.ParseFrameUsart5DMA), (20 bytes).
    Removing message.o(.data), (348 bytes).
    Removing msg_qsens.o(.rev16_text), (4 bytes).
    Removing msg_qsens.o(.revsh_text), (4 bytes).
    Removing msg_qsens.o(.rrx_text), (6 bytes).
    Removing msg_qsens.o(i.CheckSum16N), (90 bytes).
    Removing msg_qsens.o(i.MG354_BinFrameCheckCRC32), (60 bytes).
    Removing msg_qsens.o(i.MG354_BinFrameLength), (6 bytes).
    Removing msg_qsens.o(i.MG354_BinFrameParseUM), (32 bytes).
    Removing msg_qsens.o(i.MG354_InitParse), (6 bytes).
    Removing msg_qsens.o(i.QSENS_BinFrameCheck), (38 bytes).
    Removing msg_qsens.o(i.QSENS_BinFrameLength), (20 bytes).
    Removing msg_qsens.o(i.QSENS_BinFrameParse), (22 bytes).
    Removing msg_qsens.o(i.QSENS_BinInit), (36 bytes).
    Removing parseframe.o(.rev16_text), (4 bytes).
    Removing parseframe.o(.revsh_text), (4 bytes).
    Removing parseframe.o(.rrx_text), (6 bytes).
    Removing parseframe.o(i.CalculateDeltaCounterUint16), (56 bytes).
    Removing parseframe.o(i.CalculateDeltaCounterUint8), (52 bytes).
    Removing parseframe.o(i.CheckCRC16), (70 bytes).
    Removing parseframe.o(i.CheckCRC32), (40 bytes).
    Removing parseframe.o(i.CheckCRC8), (6 bytes).
    Removing parseframe.o(i.CheckCRC_CCITT), (6 bytes).
    Removing parseframe.o(i.CheckError), (12 bytes).
    Removing parseframe.o(i.CheckRight), (12 bytes).
    Removing parseframe.o(i.CheckSum16), (26 bytes).
    Removing parseframe.o(i.CheckSum8), (26 bytes).
    Removing parseframe.o(i.ClearParseParam), (36 bytes).
    Removing parseframe.o(i.DataAvalabel), (6 bytes).
    Removing parseframe.o(i.DataNotAvalabel), (12 bytes).
    Removing parseframe.o(i.GetBit), (206 bytes).
    Removing parseframe.o(i.GetDouble), (16 bytes).
    Removing parseframe.o(i.GetDoubleContinue), (22 bytes).
    Removing parseframe.o(i.GetFloat), (12 bytes).
    Removing parseframe.o(i.GetFloatContinue), (18 bytes).
    Removing parseframe.o(i.GetLong), (6 bytes).
    Removing parseframe.o(i.GetLongBigEndContinue), (52 bytes).
    Removing parseframe.o(i.GetLongContinue), (12 bytes).
    Removing parseframe.o(i.GetShort), (14 bytes).
    Removing parseframe.o(i.GetShortBigEndContinue), (54 bytes).
    Removing parseframe.o(i.GetShortContinue), (20 bytes).
    Removing parseframe.o(i.GetULong), (6 bytes).
    Removing parseframe.o(i.GetULongBigEndContinue), (52 bytes).
    Removing parseframe.o(i.GetULongContinue), (12 bytes).
    Removing parseframe.o(i.GetUShort), (14 bytes).
    Removing parseframe.o(i.GetUShortBigEndContinue), (54 bytes).
    Removing parseframe.o(i.GetUShortContinue), (20 bytes).
    Removing parseframe.o(i.InitFrameParse), (44 bytes).
    Removing parseframe.o(i.InitParseParam), (64 bytes).
    Removing parseframe.o(i.ParseFrame), (62 bytes).
    Removing parseframe.o(i.ParseFrameByte), (760 bytes).
    Removing parseframe.o(i.ReadData), (2 bytes).
    Removing parseframe.o(i.RecieveMessage), (6 bytes).
    Removing parseframe.o(i.bitrev), (36 bytes).
    Removing parseframe.o(i.crc32_init), (68 bytes).
    Removing parseframe.o(.bss), (1024 bytes).
    Removing dadd.o(.text), (334 bytes).
    Removing dmul.o(.text), (228 bytes).
    Removing ddiv.o(.text), (222 bytes).
    Removing dfixul.o(.text), (48 bytes).
    Removing cdrcmple.o(.text), (48 bytes).
    Removing depilogue.o(.text), (186 bytes).

612 unused section(s) (total 53504 bytes) removed from the image.

==============================================================================

Image Symbol Table

    Local Symbols

    Symbol Name                              Value     Ov Type        Size  Object(Section)

    ..//Src/system_stm32f7xx.c               0x00000000   Number         0  system_stm32f7xx.o ABSOLUTE
    ../Drivers/STM32F7xx_HAL_Driver/Src/stm32f7xx_hal.c 0x00000000   Number         0  stm32f7xx_hal.o ABSOLUTE
    ../Drivers/STM32F7xx_HAL_Driver/Src/stm32f7xx_hal_cortex.c 0x00000000   Number         0  stm32f7xx_hal_cortex.o ABSOLUTE
    ../Drivers/STM32F7xx_HAL_Driver/Src/stm32f7xx_hal_dma.c 0x00000000   Number         0  stm32f7xx_hal_dma.o ABSOLUTE
    ../Drivers/STM32F7xx_HAL_Driver/Src/stm32f7xx_hal_dma_ex.c 0x00000000   Number         0  stm32f7xx_hal_dma_ex.o ABSOLUTE
    ../Drivers/STM32F7xx_HAL_Driver/Src/stm32f7xx_hal_flash.c 0x00000000   Number         0  stm32f7xx_hal_flash.o ABSOLUTE
    ../Drivers/STM32F7xx_HAL_Driver/Src/stm32f7xx_hal_flash_ex.c 0x00000000   Number         0  stm32f7xx_hal_flash_ex.o ABSOLUTE
    ../Drivers/STM32F7xx_HAL_Driver/Src/stm32f7xx_hal_gpio.c 0x00000000   Number         0  stm32f7xx_hal_gpio.o ABSOLUTE
    ../Drivers/STM32F7xx_HAL_Driver/Src/stm32f7xx_hal_i2c.c 0x00000000   Number         0  stm32f7xx_hal_i2c.o ABSOLUTE
    ../Drivers/STM32F7xx_HAL_Driver/Src/stm32f7xx_hal_i2c_ex.c 0x00000000   Number         0  stm32f7xx_hal_i2c_ex.o ABSOLUTE
    ../Drivers/STM32F7xx_HAL_Driver/Src/stm32f7xx_hal_pwr.c 0x00000000   Number         0  stm32f7xx_hal_pwr.o ABSOLUTE
    ../Drivers/STM32F7xx_HAL_Driver/Src/stm32f7xx_hal_pwr_ex.c 0x00000000   Number         0  stm32f7xx_hal_pwr_ex.o ABSOLUTE
    ../Drivers/STM32F7xx_HAL_Driver/Src/stm32f7xx_hal_rcc.c 0x00000000   Number         0  stm32f7xx_hal_rcc.o ABSOLUTE
    ../Drivers/STM32F7xx_HAL_Driver/Src/stm32f7xx_hal_rcc_ex.c 0x00000000   Number         0  stm32f7xx_hal_rcc_ex.o ABSOLUTE
    ../Drivers/STM32F7xx_HAL_Driver/Src/stm32f7xx_hal_spi.c 0x00000000   Number         0  stm32f7xx_hal_spi.o ABSOLUTE
    ../Drivers/STM32F7xx_HAL_Driver/Src/stm32f7xx_hal_tim.c 0x00000000   Number         0  stm32f7xx_hal_tim.o ABSOLUTE
    ../Drivers/STM32F7xx_HAL_Driver/Src/stm32f7xx_hal_tim_ex.c 0x00000000   Number         0  stm32f7xx_hal_tim_ex.o ABSOLUTE
    ../Drivers/STM32F7xx_HAL_Driver/Src/stm32f7xx_hal_uart.c 0x00000000   Number         0  stm32f7xx_hal_uart.o ABSOLUTE
    ../Src/dma.c                             0x00000000   Number         0  dma.o ABSOLUTE
    ../Src/gpio.c                            0x00000000   Number         0  gpio.o ABSOLUTE
    ../Src/main.c                            0x00000000   Number         0  main.o ABSOLUTE
    ../Src/spi.c                             0x00000000   Number         0  spi.o ABSOLUTE
    ../Src/stm32f7xx_hal_msp.c               0x00000000   Number         0  stm32f7xx_hal_msp.o ABSOLUTE
    ../Src/stm32f7xx_it.c                    0x00000000   Number         0  stm32f7xx_it.o ABSOLUTE
    ../Src/tim.c                             0x00000000   Number         0  tim.o ABSOLUTE
    ../Src/usart.c                           0x00000000   Number         0  usart.o ABSOLUTE
    ../clib/microlib/division.c              0x00000000   Number         0  uldiv.o ABSOLUTE
    ../clib/microlib/division.c              0x00000000   Number         0  uidiv.o ABSOLUTE
    ../clib/microlib/init/entry.s            0x00000000   Number         0  entry.o ABSOLUTE
    ../clib/microlib/init/entry.s            0x00000000   Number         0  entry2.o ABSOLUTE
    ../clib/microlib/init/entry.s            0x00000000   Number         0  entry5.o ABSOLUTE
    ../clib/microlib/init/entry.s            0x00000000   Number         0  entry7a.o ABSOLUTE
    ../clib/microlib/init/entry.s            0x00000000   Number         0  entry8a.o ABSOLUTE
    ../clib/microlib/init/entry.s            0x00000000   Number         0  entry8b.o ABSOLUTE
    ../clib/microlib/init/entry.s            0x00000000   Number         0  entry9a.o ABSOLUTE
    ../clib/microlib/init/entry.s            0x00000000   Number         0  entry9b.o ABSOLUTE
    ../clib/microlib/init/entry.s            0x00000000   Number         0  entry10a.o ABSOLUTE
    ../clib/microlib/init/entry.s            0x00000000   Number         0  entry7b.o ABSOLUTE
    ../clib/microlib/init/entry.s            0x00000000   Number         0  entry10b.o ABSOLUTE
    ../clib/microlib/init/entry.s            0x00000000   Number         0  entry11a.o ABSOLUTE
    ../clib/microlib/init/entry.s            0x00000000   Number         0  entry11b.o ABSOLUTE
    ../clib/microlib/longlong.c              0x00000000   Number         0  llushr.o ABSOLUTE
    ../clib/microlib/longlong.c              0x00000000   Number         0  llshl.o ABSOLUTE
    ../clib/microlib/longlong.c              0x00000000   Number         0  llsshr.o ABSOLUTE
    ../clib/microlib/malloc/malloc.c         0x00000000   Number         0  mallocra.o ABSOLUTE
    ../clib/microlib/malloc/malloc.c         0x00000000   Number         0  malloca.o ABSOLUTE
    ../clib/microlib/malloc/malloc.c         0x00000000   Number         0  mallocr.o ABSOLUTE
    ../clib/microlib/malloc/malloc.c         0x00000000   Number         0  malloc.o ABSOLUTE
    ../clib/microlib/malloc/mvars.c          0x00000000   Number         0  mvars.o ABSOLUTE
    ../clib/microlib/printf/printf.c         0x00000000   Number         0  printf8.o ABSOLUTE
    ../clib/microlib/printf/printf.c         0x00000000   Number         0  printfb.o ABSOLUTE
    ../clib/microlib/printf/printf.c         0x00000000   Number         0  printfa.o ABSOLUTE
    ../clib/microlib/printf/printf.c         0x00000000   Number         0  printf0.o ABSOLUTE
    ../clib/microlib/printf/printf.c         0x00000000   Number         0  printf1.o ABSOLUTE
    ../clib/microlib/printf/printf.c         0x00000000   Number         0  printf2.o ABSOLUTE
    ../clib/microlib/printf/printf.c         0x00000000   Number         0  printf3.o ABSOLUTE
    ../clib/microlib/printf/printf.c         0x00000000   Number         0  printf4.o ABSOLUTE
    ../clib/microlib/printf/printf.c         0x00000000   Number         0  printf5.o ABSOLUTE
    ../clib/microlib/printf/printf.c         0x00000000   Number         0  printf6.o ABSOLUTE
    ../clib/microlib/printf/printf.c         0x00000000   Number         0  printf7.o ABSOLUTE
    ../clib/microlib/stdio/streams.c         0x00000000   Number         0  stdout.o ABSOLUTE
    ../clib/microlib/string/memcpy.c         0x00000000   Number         0  memcpya.o ABSOLUTE
    ../clib/microlib/string/memcpy.c         0x00000000   Number         0  memcpyb.o ABSOLUTE
    ../clib/microlib/string/memset.c         0x00000000   Number         0  memseta.o ABSOLUTE
    ../clib/microlib/string/strcmp.c         0x00000000   Number         0  strcmp.o ABSOLUTE
    ../clib/microlib/stubs.s                 0x00000000   Number         0  iusefp.o ABSOLUTE
    ../fplib/microlib/fpadd.c                0x00000000   Number         0  dadd.o ABSOLUTE
    ../fplib/microlib/fpdiv.c                0x00000000   Number         0  ddiv.o ABSOLUTE
    ../fplib/microlib/fpepilogue.c           0x00000000   Number         0  depilogue.o ABSOLUTE
    ../fplib/microlib/fpfix.c                0x00000000   Number         0  dfixul.o ABSOLUTE
    ../fplib/microlib/fpmul.c                0x00000000   Number         0  dmul.o ABSOLUTE
    ..\Code\Device\Device.c                  0x00000000   Number         0  device.o ABSOLUTE
    ..\Code\Device\EnhancedSTM32.c           0x00000000   Number         0  enhancedstm32.o ABSOLUTE
    ..\Code\Device\MG354_SPI.c               0x00000000   Number         0  mg354_spi.o ABSOLUTE
    ..\Code\Device\dvc_Led.c                 0x00000000   Number         0  dvc_led.o ABSOLUTE
    ..\Code\Global.c                         0x00000000   Number         0  global.o ABSOLUTE
    ..\Code\MainEntry.c                      0x00000000   Number         0  mainentry.o ABSOLUTE
    ..\Code\Message\Message.c                0x00000000   Number         0  message.o ABSOLUTE
    ..\Code\Message\ParseFrame.c             0x00000000   Number         0  parseframe.o ABSOLUTE
    ..\Code\Message\msg_Qsens.c              0x00000000   Number         0  msg_qsens.o ABSOLUTE
    ..\Drivers\STM32F7xx_HAL_Driver\Src\stm32f7xx_hal.c 0x00000000   Number         0  stm32f7xx_hal.o ABSOLUTE
    ..\Drivers\STM32F7xx_HAL_Driver\Src\stm32f7xx_hal_cortex.c 0x00000000   Number         0  stm32f7xx_hal_cortex.o ABSOLUTE
    ..\Drivers\STM32F7xx_HAL_Driver\Src\stm32f7xx_hal_dma.c 0x00000000   Number         0  stm32f7xx_hal_dma.o ABSOLUTE
    ..\Drivers\STM32F7xx_HAL_Driver\Src\stm32f7xx_hal_dma_ex.c 0x00000000   Number         0  stm32f7xx_hal_dma_ex.o ABSOLUTE
    ..\Drivers\STM32F7xx_HAL_Driver\Src\stm32f7xx_hal_flash.c 0x00000000   Number         0  stm32f7xx_hal_flash.o ABSOLUTE
    ..\Drivers\STM32F7xx_HAL_Driver\Src\stm32f7xx_hal_flash_ex.c 0x00000000   Number         0  stm32f7xx_hal_flash_ex.o ABSOLUTE
    ..\Drivers\STM32F7xx_HAL_Driver\Src\stm32f7xx_hal_gpio.c 0x00000000   Number         0  stm32f7xx_hal_gpio.o ABSOLUTE
    ..\Drivers\STM32F7xx_HAL_Driver\Src\stm32f7xx_hal_i2c.c 0x00000000   Number         0  stm32f7xx_hal_i2c.o ABSOLUTE
    ..\Drivers\STM32F7xx_HAL_Driver\Src\stm32f7xx_hal_i2c_ex.c 0x00000000   Number         0  stm32f7xx_hal_i2c_ex.o ABSOLUTE
    ..\Drivers\STM32F7xx_HAL_Driver\Src\stm32f7xx_hal_pwr.c 0x00000000   Number         0  stm32f7xx_hal_pwr.o ABSOLUTE
    ..\Drivers\STM32F7xx_HAL_Driver\Src\stm32f7xx_hal_pwr_ex.c 0x00000000   Number         0  stm32f7xx_hal_pwr_ex.o ABSOLUTE
    ..\Drivers\STM32F7xx_HAL_Driver\Src\stm32f7xx_hal_rcc.c 0x00000000   Number         0  stm32f7xx_hal_rcc.o ABSOLUTE
    ..\Drivers\STM32F7xx_HAL_Driver\Src\stm32f7xx_hal_rcc_ex.c 0x00000000   Number         0  stm32f7xx_hal_rcc_ex.o ABSOLUTE
    ..\Drivers\STM32F7xx_HAL_Driver\Src\stm32f7xx_hal_spi.c 0x00000000   Number         0  stm32f7xx_hal_spi.o ABSOLUTE
    ..\Drivers\STM32F7xx_HAL_Driver\Src\stm32f7xx_hal_tim.c 0x00000000   Number         0  stm32f7xx_hal_tim.o ABSOLUTE
    ..\Drivers\STM32F7xx_HAL_Driver\Src\stm32f7xx_hal_tim_ex.c 0x00000000   Number         0  stm32f7xx_hal_tim_ex.o ABSOLUTE
    ..\Drivers\STM32F7xx_HAL_Driver\Src\stm32f7xx_hal_uart.c 0x00000000   Number         0  stm32f7xx_hal_uart.o ABSOLUTE
    ..\Src\dma.c                             0x00000000   Number         0  dma.o ABSOLUTE
    ..\Src\gpio.c                            0x00000000   Number         0  gpio.o ABSOLUTE
    ..\Src\main.c                            0x00000000   Number         0  main.o ABSOLUTE
    ..\Src\spi.c                             0x00000000   Number         0  spi.o ABSOLUTE
    ..\Src\stm32f7xx_hal_msp.c               0x00000000   Number         0  stm32f7xx_hal_msp.o ABSOLUTE
    ..\Src\stm32f7xx_it.c                    0x00000000   Number         0  stm32f7xx_it.o ABSOLUTE
    ..\Src\tim.c                             0x00000000   Number         0  tim.o ABSOLUTE
    ..\Src\usart.c                           0x00000000   Number         0  usart.o ABSOLUTE
    ..\\Code\\Device\\Device.c               0x00000000   Number         0  device.o ABSOLUTE
    ..\\Code\\Device\\EnhancedSTM32.c        0x00000000   Number         0  enhancedstm32.o ABSOLUTE
    ..\\Code\\Device\\MG354_SPI.c            0x00000000   Number         0  mg354_spi.o ABSOLUTE
    ..\\Code\\Device\\dvc_Led.c              0x00000000   Number         0  dvc_led.o ABSOLUTE
    ..\\Code\\Global.c                       0x00000000   Number         0  global.o ABSOLUTE
    ..\\Code\\MainEntry.c                    0x00000000   Number         0  mainentry.o ABSOLUTE
    ..\\Code\\Message\\Message.c             0x00000000   Number         0  message.o ABSOLUTE
    ..\\Code\\Message\\ParseFrame.c          0x00000000   Number         0  parseframe.o ABSOLUTE
    ..\\Code\\Message\\msg_Qsens.c           0x00000000   Number         0  msg_qsens.o ABSOLUTE
    ..\\Src\system_stm32f7xx.c               0x00000000   Number         0  system_stm32f7xx.o ABSOLUTE
    cdrcmple.s                               0x00000000   Number         0  cdrcmple.o ABSOLUTE
    dc.s                                     0x00000000   Number         0  dc.o ABSOLUTE
    handlers.s                               0x00000000   Number         0  handlers.o ABSOLUTE
    init.s                                   0x00000000   Number         0  init.o ABSOLUTE
    startup_stm32f767xx.s                    0x00000000   Number         0  startup_stm32f767xx.o ABSOLUTE
    RESET                                    0x08000000   Section      504  startup_stm32f767xx.o(RESET)
    .ARM.Collect$$$$00000000                 0x080001f8   Section        0  entry.o(.ARM.Collect$$$$00000000)
    .ARM.Collect$$$$00000001                 0x080001f8   Section        4  entry2.o(.ARM.Collect$$$$00000001)
    .ARM.Collect$$$$00000004                 0x080001fc   Section        4  entry5.o(.ARM.Collect$$$$00000004)
    .ARM.Collect$$$$00000008                 0x08000200   Section        0  entry7b.o(.ARM.Collect$$$$00000008)
    .ARM.Collect$$$$0000000A                 0x08000200   Section        0  entry8b.o(.ARM.Collect$$$$0000000A)
    .ARM.Collect$$$$0000000B                 0x08000200   Section        8  entry9a.o(.ARM.Collect$$$$0000000B)
    .ARM.Collect$$$$0000000D                 0x08000208   Section        0  entry10a.o(.ARM.Collect$$$$0000000D)
    .ARM.Collect$$$$0000000F                 0x08000208   Section        0  entry11a.o(.ARM.Collect$$$$0000000F)
    .ARM.Collect$$$$00002712                 0x08000208   Section        4  entry2.o(.ARM.Collect$$$$00002712)
    __lit__00000000                          0x08000208   Data           4  entry2.o(.ARM.Collect$$$$00002712)
    .text                                    0x0800020c   Section       36  startup_stm32f767xx.o(.text)
    $v0                                      0x0800020c   Number         0  startup_stm32f767xx.o(.text)
    .text                                    0x08000230   Section        0  uldiv.o(.text)
    .text                                    0x08000292   Section        0  memcpya.o(.text)
    .text                                    0x080002b6   Section        0  llshl.o(.text)
    .text                                    0x080002d4   Section        0  llushr.o(.text)
    .text                                    0x080002f4   Section       36  init.o(.text)
    i.BusFault_Handler                       0x08000318   Section        0  stm32f7xx_it.o(i.BusFault_Handler)
    i.CalculateCheckSum                      0x0800031c   Section        0  parseframe.o(i.CalculateCheckSum)
    i.CheckSectionBegin                      0x08000336   Section        0  parseframe.o(i.CheckSectionBegin)
    i.CheckSectionEnd                        0x08000346   Section        0  parseframe.o(i.CheckSectionEnd)
    i.CheckSum16NN                           0x08000374   Section        0  mg354_spi.o(i.CheckSum16NN)
    i.ClearFrameConstructor                  0x08000390   Section        0  parseframe.o(i.ClearFrameConstructor)
    i.DMA1_Stream3_IRQHandler                0x080003a0   Section        0  stm32f7xx_it.o(i.DMA1_Stream3_IRQHandler)
    i.DMA_CalcBaseAndBitshift                0x080003b0   Section        0  stm32f7xx_hal_dma.o(i.DMA_CalcBaseAndBitshift)
    DMA_CalcBaseAndBitshift                  0x080003b1   Thumb Code    46  stm32f7xx_hal_dma.o(i.DMA_CalcBaseAndBitshift)
    i.DMA_CheckFifoParam                     0x080003e4   Section        0  stm32f7xx_hal_dma.o(i.DMA_CheckFifoParam)
    DMA_CheckFifoParam                       0x080003e5   Thumb Code   170  stm32f7xx_hal_dma.o(i.DMA_CheckFifoParam)
    i.DMA_SetConfig                          0x0800048e   Section        0  stm32f7xx_hal_dma.o(i.DMA_SetConfig)
    DMA_SetConfig                            0x0800048f   Thumb Code    44  stm32f7xx_hal_dma.o(i.DMA_SetConfig)
    i.DebugMon_Handler                       0x080004ba   Section        0  stm32f7xx_it.o(i.DebugMon_Handler)
    i.DmaCircularBufferIrqHandle             0x080004bc   Section        0  enhancedstm32.o(i.DmaCircularBufferIrqHandle)
    i.FrameBegin                             0x080004d0   Section        0  parseframe.o(i.FrameBegin)
    i.FrameEnd                               0x080004de   Section        0  parseframe.o(i.FrameEnd)
    i.GetDoubleBuffer                        0x080004ec   Section        0  global.o(i.GetDoubleBuffer)
    i.GetDoubleBufferLength                  0x080004f6   Section        0  global.o(i.GetDoubleBufferLength)
    i.HAL_DMA_Abort_IT                       0x08000504   Section        0  stm32f7xx_hal_dma.o(i.HAL_DMA_Abort_IT)
    i.HAL_DMA_IRQHandler                     0x0800052c   Section        0  stm32f7xx_hal_dma.o(i.HAL_DMA_IRQHandler)
    i.HAL_DMA_Init                           0x0800076c   Section        0  stm32f7xx_hal_dma.o(i.HAL_DMA_Init)
    i.HAL_DMA_Start_IT                       0x08000858   Section        0  stm32f7xx_hal_dma.o(i.HAL_DMA_Start_IT)
    i.HAL_Delay                              0x080008f8   Section        0  stm32f7xx_hal.o(i.HAL_Delay)
    i.HAL_GPIO_Init                          0x08000920   Section        0  stm32f7xx_hal_gpio.o(i.HAL_GPIO_Init)
    i.HAL_GPIO_TogglePin                     0x08000b38   Section        0  stm32f7xx_hal_gpio.o(i.HAL_GPIO_TogglePin)
    i.HAL_GPIO_WritePin                      0x08000b40   Section        0  stm32f7xx_hal_gpio.o(i.HAL_GPIO_WritePin)
    i.HAL_GetTick                            0x08000b4c   Section        0  stm32f7xx_hal.o(i.HAL_GetTick)
    i.HAL_IncTick                            0x08000b58   Section        0  stm32f7xx_hal.o(i.HAL_IncTick)
    i.HAL_Init                               0x08000b70   Section        0  stm32f7xx_hal.o(i.HAL_Init)
    i.HAL_InitTick                           0x08000b88   Section        0  stm32f7xx_hal.o(i.HAL_InitTick)
    i.HAL_MspInit                            0x08000bd4   Section        0  stm32f7xx_hal_msp.o(i.HAL_MspInit)
    i.HAL_NVIC_EnableIRQ                     0x08000c68   Section        0  stm32f7xx_hal_cortex.o(i.HAL_NVIC_EnableIRQ)
    i.HAL_NVIC_SetPriority                   0x08000c82   Section        0  stm32f7xx_hal_cortex.o(i.HAL_NVIC_SetPriority)
    i.HAL_NVIC_SetPriorityGrouping           0x08000d00   Section        0  stm32f7xx_hal_cortex.o(i.HAL_NVIC_SetPriorityGrouping)
    i.HAL_PWREx_EnableOverDrive              0x08000d28   Section        0  stm32f7xx_hal_pwr_ex.o(i.HAL_PWREx_EnableOverDrive)
    i.HAL_RCCEx_PeriphCLKConfig              0x08000db8   Section        0  stm32f7xx_hal_rcc_ex.o(i.HAL_RCCEx_PeriphCLKConfig)
    i.HAL_RCC_ClockConfig                    0x08001510   Section        0  stm32f7xx_hal_rcc.o(i.HAL_RCC_ClockConfig)
    i.HAL_RCC_GetHCLKFreq                    0x080016a0   Section        0  stm32f7xx_hal_rcc.o(i.HAL_RCC_GetHCLKFreq)
    i.HAL_RCC_GetPCLK1Freq                   0x080016ac   Section        0  stm32f7xx_hal_rcc.o(i.HAL_RCC_GetPCLK1Freq)
    i.HAL_RCC_GetPCLK2Freq                   0x080016cc   Section        0  stm32f7xx_hal_rcc.o(i.HAL_RCC_GetPCLK2Freq)
    i.HAL_RCC_GetSysClockFreq                0x080016ec   Section        0  stm32f7xx_hal_rcc.o(i.HAL_RCC_GetSysClockFreq)
    i.HAL_RCC_OscConfig                      0x0800179c   Section        0  stm32f7xx_hal_rcc.o(i.HAL_RCC_OscConfig)
    i.HAL_SPI_Init                           0x08001c54   Section        0  stm32f7xx_hal_spi.o(i.HAL_SPI_Init)
    i.HAL_SPI_MspInit                        0x08001d20   Section        0  spi.o(i.HAL_SPI_MspInit)
    i.HAL_SPI_Transmit                       0x08001d78   Section        0  stm32f7xx_hal_spi.o(i.HAL_SPI_Transmit)
    i.HAL_SPI_TransmitReceive                0x08001eea   Section        0  stm32f7xx_hal_spi.o(i.HAL_SPI_TransmitReceive)
    i.HAL_SYSTICK_CLKSourceConfig            0x0800215c   Section        0  stm32f7xx_hal_cortex.o(i.HAL_SYSTICK_CLKSourceConfig)
    i.HAL_SYSTICK_Callback                   0x08002184   Section        0  stm32f7xx_hal_cortex.o(i.HAL_SYSTICK_Callback)
    i.HAL_SYSTICK_Config                     0x08002186   Section        0  stm32f7xx_hal_cortex.o(i.HAL_SYSTICK_Config)
    i.HAL_SYSTICK_IRQHandler                 0x080021ba   Section        0  stm32f7xx_hal_cortex.o(i.HAL_SYSTICK_IRQHandler)
    i.HAL_TIMEx_BreakCallback                0x080021c2   Section        0  stm32f7xx_hal_tim_ex.o(i.HAL_TIMEx_BreakCallback)
    i.HAL_TIMEx_CommutationCallback          0x080021c4   Section        0  stm32f7xx_hal_tim_ex.o(i.HAL_TIMEx_CommutationCallback)
    i.HAL_TIMEx_MasterConfigSynchronization  0x080021c8   Section        0  stm32f7xx_hal_tim_ex.o(i.HAL_TIMEx_MasterConfigSynchronization)
    i.HAL_TIM_Base_Init                      0x08002234   Section        0  stm32f7xx_hal_tim.o(i.HAL_TIM_Base_Init)
    i.HAL_TIM_Base_MspInit                   0x08002268   Section        0  tim.o(i.HAL_TIM_Base_MspInit)
    i.HAL_TIM_Base_Start_IT                  0x080022ac   Section        0  stm32f7xx_hal_tim.o(i.HAL_TIM_Base_Start_IT)
    i.HAL_TIM_IC_CaptureCallback             0x080022ca   Section        0  stm32f7xx_hal_tim.o(i.HAL_TIM_IC_CaptureCallback)
    i.HAL_TIM_IRQHandler                     0x080022cc   Section        0  stm32f7xx_hal_tim.o(i.HAL_TIM_IRQHandler)
    i.HAL_TIM_OC_DelayElapsedCallback        0x08002484   Section        0  stm32f7xx_hal_tim.o(i.HAL_TIM_OC_DelayElapsedCallback)
    i.HAL_TIM_PWM_PulseFinishedCallback      0x08002486   Section        0  stm32f7xx_hal_tim.o(i.HAL_TIM_PWM_PulseFinishedCallback)
    i.HAL_TIM_PeriodElapsedCallback          0x08002488   Section        0  device.o(i.HAL_TIM_PeriodElapsedCallback)
    i.HAL_TIM_TriggerCallback                0x080024a4   Section        0  stm32f7xx_hal_tim.o(i.HAL_TIM_TriggerCallback)
    i.HAL_UART_ErrorCallback                 0x080024a8   Section        0  device.o(i.HAL_UART_ErrorCallback)
    i.HAL_UART_GetError                      0x080024e0   Section        0  stm32f7xx_hal_uart.o(i.HAL_UART_GetError)
    i.HAL_UART_IRQHandler                    0x080024e8   Section        0  stm32f7xx_hal_uart.o(i.HAL_UART_IRQHandler)
    i.HAL_UART_Init                          0x08002648   Section        0  stm32f7xx_hal_uart.o(i.HAL_UART_Init)
    i.HAL_UART_MspInit                       0x080026c0   Section        0  usart.o(i.HAL_UART_MspInit)
    i.HAL_UART_Receive_IT                    0x0800288c   Section        0  stm32f7xx_hal_uart.o(i.HAL_UART_Receive_IT)
    i.HAL_UART_RxCpltCallback                0x08002948   Section        0  device.o(i.HAL_UART_RxCpltCallback)
    i.HAL_UART_Transmit                      0x0800299c   Section        0  stm32f7xx_hal_uart.o(i.HAL_UART_Transmit)
    i.HAL_UART_Transmit_DMA                  0x08002a64   Section        0  stm32f7xx_hal_uart.o(i.HAL_UART_Transmit_DMA)
    i.HAL_UART_TxCpltCallback                0x08002b04   Section        0  stm32f7xx_hal_uart.o(i.HAL_UART_TxCpltCallback)
    i.HAL_UART_TxHalfCpltCallback            0x08002b06   Section        0  stm32f7xx_hal_uart.o(i.HAL_UART_TxHalfCpltCallback)
    i.HardFault_Handler                      0x08002b08   Section        0  stm32f7xx_it.o(i.HardFault_Handler)
    i.HeartPulse                             0x08002b0c   Section        0  mainentry.o(i.HeartPulse)
    i.InitDevice                             0x08002b38   Section        0  device.o(i.InitDevice)
    i.LED_Toggle                             0x08002ba0   Section        0  dvc_led.o(i.LED_Toggle)
    i.LengthSectionBegin                     0x08002bd0   Section        0  parseframe.o(i.LengthSectionBegin)
    i.LengthSectionEnd                       0x08002be0   Section        0  parseframe.o(i.LengthSectionEnd)
    i.MG354_DevieceSPI_ReadOneByte           0x08002c0c   Section        0  mg354_spi.o(i.MG354_DevieceSPI_ReadOneByte)
    i.MG354_DevieceSPI_WriteOneByte          0x08002c54   Section        0  mg354_spi.o(i.MG354_DevieceSPI_WriteOneByte)
    i.MG354_Init_SPI                         0x08002c98   Section        0  mg354_spi.o(i.MG354_Init_SPI)
    i.MX_DMA_Init                            0x08002d50   Section        0  dma.o(i.MX_DMA_Init)
    i.MX_GPIO_Init                           0x08002d84   Section        0  gpio.o(i.MX_GPIO_Init)
    i.MX_SPI1_Init                           0x08002e98   Section        0  spi.o(i.MX_SPI1_Init)
    i.MX_TIM6_Init                           0x08002f00   Section        0  tim.o(i.MX_TIM6_Init)
    i.MX_UART4_Init                          0x08002f5c   Section        0  usart.o(i.MX_UART4_Init)
    i.MX_USART1_UART_Init                    0x08002fb0   Section        0  usart.o(i.MX_USART1_UART_Init)
    i.MX_USART2_UART_Init                    0x08003004   Section        0  usart.o(i.MX_USART2_UART_Init)
    i.MX_USART3_UART_Init                    0x08003058   Section        0  usart.o(i.MX_USART3_UART_Init)
    i.MainEntry                              0x080030ac   Section        0  mainentry.o(i.MainEntry)
    i.MarkLengthPosition                     0x080030e4   Section        0  parseframe.o(i.MarkLengthPosition)
    i.MemManage_Handler                      0x0800310e   Section        0  stm32f7xx_it.o(i.MemManage_Handler)
    i.NMI_Handler                            0x08003112   Section        0  stm32f7xx_it.o(i.NMI_Handler)
    i.NVIC_GetPriorityGrouping               0x08003114   Section        0  stm32f7xx_hal_cortex.o(i.NVIC_GetPriorityGrouping)
    NVIC_GetPriorityGrouping                 0x08003115   Thumb Code    10  stm32f7xx_hal_cortex.o(i.NVIC_GetPriorityGrouping)
    i.NVIC_SetPriority                       0x08003124   Section        0  stm32f7xx_hal_cortex.o(i.NVIC_SetPriority)
    NVIC_SetPriority                         0x08003125   Thumb Code    32  stm32f7xx_hal_cortex.o(i.NVIC_SetPriority)
    i.ParaseIMU_SPI                          0x0800314c   Section        0  mg354_spi.o(i.ParaseIMU_SPI)
    i.PendSV_Handler                         0x08003280   Section        0  stm32f7xx_it.o(i.PendSV_Handler)
    i.PushBytesDoubleBuffer                  0x08003282   Section        0  global.o(i.PushBytesDoubleBuffer)
    i.PushCircularBuffer                     0x0800329e   Section        0  global.o(i.PushCircularBuffer)
    i.PushDoubleBuffer                       0x080032d4   Section        0  global.o(i.PushDoubleBuffer)
    i.PushWordDoubleBuffer                   0x08003316   Section        0  global.o(i.PushWordDoubleBuffer)
    i.QSENS_MakeImuFrame                     0x08003330   Section        0  msg_qsens.o(i.QSENS_MakeImuFrame)
    i.Read_IMU_SPI_Burst                     0x08003438   Section        0  mg354_spi.o(i.Read_IMU_SPI_Burst)
    i.Read_IMU_Start_SPI                     0x08003484   Section        0  mg354_spi.o(i.Read_IMU_Start_SPI)
    i.RecieveInputStream_IT                  0x080034c8   Section        0  enhancedstm32.o(i.RecieveInputStream_IT)
    i.SPI_EndRxTxTransaction                 0x080034ec   Section        0  stm32f7xx_hal_spi.o(i.SPI_EndRxTxTransaction)
    SPI_EndRxTxTransaction                   0x080034ed   Thumb Code   100  stm32f7xx_hal_spi.o(i.SPI_EndRxTxTransaction)
    i.SPI_WaitFifoStateUntilTimeout          0x08003550   Section        0  stm32f7xx_hal_spi.o(i.SPI_WaitFifoStateUntilTimeout)
    SPI_WaitFifoStateUntilTimeout            0x08003551   Thumb Code   178  stm32f7xx_hal_spi.o(i.SPI_WaitFifoStateUntilTimeout)
    i.SPI_WaitFlagStateUntilTimeout          0x08003602   Section        0  stm32f7xx_hal_spi.o(i.SPI_WaitFlagStateUntilTimeout)
    SPI_WaitFlagStateUntilTimeout            0x08003603   Thumb Code   160  stm32f7xx_hal_spi.o(i.SPI_WaitFlagStateUntilTimeout)
    i.SVC_Handler                            0x080036a2   Section        0  stm32f7xx_it.o(i.SVC_Handler)
    i.SampleAndSendImuData                   0x080036a4   Section        0  message.o(i.SampleAndSendImuData)
    i.SampleImuDataMG354                     0x080036cc   Section        0  device.o(i.SampleImuDataMG354)
    i.SendDoubleBuffer                       0x080037b8   Section        0  enhancedstm32.o(i.SendDoubleBuffer)
    i.SysTick_Handler                        0x0800381e   Section        0  stm32f7xx_it.o(i.SysTick_Handler)
    i.SystemClock_Config                     0x0800382c   Section        0  main.o(i.SystemClock_Config)
    i.SystemInit                             0x08003930   Section        0  system_stm32f7xx.o(i.SystemInit)
    i.TIM6_DAC_IRQHandler                    0x08003994   Section        0  stm32f7xx_it.o(i.TIM6_DAC_IRQHandler)
    i.TIM_Base_SetConfig                     0x080039a4   Section        0  stm32f7xx_hal_tim.o(i.TIM_Base_SetConfig)
    i.UART4_IRQHandler                       0x08003a94   Section        0  stm32f7xx_it.o(i.UART4_IRQHandler)
    i.UART_AdvFeatureConfig                  0x08003aa4   Section        0  stm32f7xx_hal_uart.o(i.UART_AdvFeatureConfig)
    i.UART_CheckIdleState                    0x08003b8e   Section        0  stm32f7xx_hal_uart.o(i.UART_CheckIdleState)
    i.UART_DMAAbortOnError                   0x08003bdc   Section        0  stm32f7xx_hal_uart.o(i.UART_DMAAbortOnError)
    UART_DMAAbortOnError                     0x08003bdd   Thumb Code    24  stm32f7xx_hal_uart.o(i.UART_DMAAbortOnError)
    i.UART_DMAError                          0x08003bf4   Section        0  stm32f7xx_hal_uart.o(i.UART_DMAError)
    UART_DMAError                            0x08003bf5   Thumb Code    78  stm32f7xx_hal_uart.o(i.UART_DMAError)
    i.UART_DMATransmitCplt                   0x08003c42   Section        0  stm32f7xx_hal_uart.o(i.UART_DMATransmitCplt)
    UART_DMATransmitCplt                     0x08003c43   Thumb Code    56  stm32f7xx_hal_uart.o(i.UART_DMATransmitCplt)
    i.UART_DMATxHalfCplt                     0x08003c7a   Section        0  stm32f7xx_hal_uart.o(i.UART_DMATxHalfCplt)
    UART_DMATxHalfCplt                       0x08003c7b   Thumb Code    14  stm32f7xx_hal_uart.o(i.UART_DMATxHalfCplt)
    i.UART_EndRxTransfer                     0x08003c88   Section        0  stm32f7xx_hal_uart.o(i.UART_EndRxTransfer)
    UART_EndRxTransfer                       0x08003c89   Thumb Code    32  stm32f7xx_hal_uart.o(i.UART_EndRxTransfer)
    i.UART_EndTransmit_IT                    0x08003ca8   Section        0  stm32f7xx_hal_uart.o(i.UART_EndTransmit_IT)
    UART_EndTransmit_IT                      0x08003ca9   Thumb Code    32  stm32f7xx_hal_uart.o(i.UART_EndTransmit_IT)
    i.UART_EndTxTransfer                     0x08003cc8   Section        0  stm32f7xx_hal_uart.o(i.UART_EndTxTransfer)
    UART_EndTxTransfer                       0x08003cc9   Thumb Code    20  stm32f7xx_hal_uart.o(i.UART_EndTxTransfer)
    i.UART_Receive_IT                        0x08003cdc   Section        0  stm32f7xx_hal_uart.o(i.UART_Receive_IT)
    UART_Receive_IT                          0x08003cdd   Thumb Code   136  stm32f7xx_hal_uart.o(i.UART_Receive_IT)
    i.UART_SetConfig                         0x08003d64   Section        0  stm32f7xx_hal_uart.o(i.UART_SetConfig)
    i.UART_Transmit_IT                       0x080040f0   Section        0  stm32f7xx_hal_uart.o(i.UART_Transmit_IT)
    UART_Transmit_IT                         0x080040f1   Thumb Code   106  stm32f7xx_hal_uart.o(i.UART_Transmit_IT)
    i.UART_WaitOnFlagUntilTimeout            0x0800415a   Section        0  stm32f7xx_hal_uart.o(i.UART_WaitOnFlagUntilTimeout)
    i.USART1_IRQHandler                      0x080041c8   Section        0  stm32f7xx_it.o(i.USART1_IRQHandler)
    i.USART2_IRQHandler                      0x080041d8   Section        0  stm32f7xx_it.o(i.USART2_IRQHandler)
    i.USART3_IRQHandler                      0x080041e8   Section        0  stm32f7xx_it.o(i.USART3_IRQHandler)
    i.UsageFault_Handler                     0x080041f8   Section        0  stm32f7xx_it.o(i.UsageFault_Handler)
    i._Error_Handler                         0x080041fc   Section        0  main.o(i._Error_Handler)
    i.__0printf$bare                         0x08004200   Section        0  printfb.o(i.__0printf$bare)
    i.__scatterload_copy                     0x08004210   Section       14  handlers.o(i.__scatterload_copy)
    i.__scatterload_null                     0x0800421e   Section        2  handlers.o(i.__scatterload_null)
    i.__scatterload_zeroinit                 0x08004220   Section       14  handlers.o(i.__scatterload_zeroinit)
    i._printf_core                           0x0800422e   Section        0  printfb.o(i._printf_core)
    _printf_core                             0x0800422f   Thumb Code    34  printfb.o(i._printf_core)
    i.fputc                                  0x08004250   Section        0  device.o(i.fputc)
    i.main                                   0x08004268   Section        0  main.o(i.main)
    i.mydelay                                0x08004298   Section        0  mg354_spi.o(i.mydelay)
    .constdata                               0x080042ae   Section       24  system_stm32f7xx.o(.constdata)
    .constdata                               0x080042c6   Section        8  stm32f7xx_hal_dma.o(.constdata)
    flagBitshiftOffset                       0x080042c6   Data           8  stm32f7xx_hal_dma.o(.constdata)
    .data                                    0x20000000   Section        4  system_stm32f7xx.o(.data)
    .data                                    0x20000004   Section        8  mainentry.o(.data)
    counter                                  0x20000008   Data           4  mainentry.o(.data)
    .data                                    0x2000000c   Section      158  device.o(.data)
    .data                                    0x200000aa   Section        1  mg354_spi.o(.data)
    .data                                    0x200000ac   Section        9  stm32f7xx_hal.o(.data)
    .data                                    0x200000b6   Section        4  msg_qsens.o(.data)
    usFrameCounter                           0x200000b8   Data           2  msg_qsens.o(.data)
    .data                                    0x200000bc   Section        4  stdout.o(.data)
    .bss                                     0x200000c0   Section     5536  device.o(.bss)
    .bss                                     0x20001660   Section      100  spi.o(.bss)
    .bss                                     0x200016c4   Section       64  tim.o(.bss)
    .bss                                     0x20001704   Section      544  usart.o(.bss)
    .bss                                     0x20001924   Section      432  message.o(.bss)
    .bss                                     0x20001ad4   Section      160  msg_qsens.o(.bss)
    STACK                                    0x20001b78   Section    10240  startup_stm32f767xx.o(STACK)

    Global Symbols

    Symbol Name                              Value     Ov Type        Size  Object(Section)

    BuildAttributes$$THM_ISAv4$E$P$D$K$B$S$7EM$VFPv5_D16$PE$PLD8$A:L22UL41UL21$X:L11$S22US41US21$IEEE1$IW$USESV6$~STKCKD$USESV7$~SHL$OSPACE$ROPI$EBA8$MICROLIB$REQ8$PRES8$EABIv2 0x00000000   Number         0  anon$$obj.o ABSOLUTE
    __ARM_use_no_argv                        0x00000000   Number         0  main.o ABSOLUTE
    __cpp_initialize__aeabi_                  - Undefined Weak Reference
    __cxa_finalize                            - Undefined Weak Reference
    __decompress                              - Undefined Weak Reference
    _clock_init                               - Undefined Weak Reference
    _microlib_exit                            - Undefined Weak Reference
    __Vectors_Size                           0x000001f8   Number         0  startup_stm32f767xx.o ABSOLUTE
    __Vectors                                0x08000000   Data           4  startup_stm32f767xx.o(RESET)
    __Vectors_End                            0x080001f8   Data           0  startup_stm32f767xx.o(RESET)
    __main                                   0x080001f9   Thumb Code     0  entry.o(.ARM.Collect$$$$00000000)
    _main_stk                                0x080001f9   Thumb Code     0  entry2.o(.ARM.Collect$$$$00000001)
    _main_scatterload                        0x080001fd   Thumb Code     0  entry5.o(.ARM.Collect$$$$00000004)
    __main_after_scatterload                 0x08000201   Thumb Code     0  entry5.o(.ARM.Collect$$$$00000004)
    _main_clock                              0x08000201   Thumb Code     0  entry7b.o(.ARM.Collect$$$$00000008)
    _main_cpp_init                           0x08000201   Thumb Code     0  entry8b.o(.ARM.Collect$$$$0000000A)
    _main_init                               0x08000201   Thumb Code     0  entry9a.o(.ARM.Collect$$$$0000000B)
    __rt_final_cpp                           0x08000209   Thumb Code     0  entry10a.o(.ARM.Collect$$$$0000000D)
    __rt_final_exit                          0x08000209   Thumb Code     0  entry11a.o(.ARM.Collect$$$$0000000F)
    Reset_Handler                            0x0800020d   Thumb Code     8  startup_stm32f767xx.o(.text)
    ADC_IRQHandler                           0x08000227   Thumb Code     0  startup_stm32f767xx.o(.text)
    CAN1_RX0_IRQHandler                      0x08000227   Thumb Code     0  startup_stm32f767xx.o(.text)
    CAN1_RX1_IRQHandler                      0x08000227   Thumb Code     0  startup_stm32f767xx.o(.text)
    CAN1_SCE_IRQHandler                      0x08000227   Thumb Code     0  startup_stm32f767xx.o(.text)
    CAN1_TX_IRQHandler                       0x08000227   Thumb Code     0  startup_stm32f767xx.o(.text)
    CAN2_RX0_IRQHandler                      0x08000227   Thumb Code     0  startup_stm32f767xx.o(.text)
    CAN2_RX1_IRQHandler                      0x08000227   Thumb Code     0  startup_stm32f767xx.o(.text)
    CAN2_SCE_IRQHandler                      0x08000227   Thumb Code     0  startup_stm32f767xx.o(.text)
    CAN2_TX_IRQHandler                       0x08000227   Thumb Code     0  startup_stm32f767xx.o(.text)
    CAN3_RX0_IRQHandler                      0x08000227   Thumb Code     0  startup_stm32f767xx.o(.text)
    CAN3_RX1_IRQHandler                      0x08000227   Thumb Code     0  startup_stm32f767xx.o(.text)
    CAN3_SCE_IRQHandler                      0x08000227   Thumb Code     0  startup_stm32f767xx.o(.text)
    CAN3_TX_IRQHandler                       0x08000227   Thumb Code     0  startup_stm32f767xx.o(.text)
    CEC_IRQHandler                           0x08000227   Thumb Code     0  startup_stm32f767xx.o(.text)
    DCMI_IRQHandler                          0x08000227   Thumb Code     0  startup_stm32f767xx.o(.text)
    DFSDM1_FLT0_IRQHandler                   0x08000227   Thumb Code     0  startup_stm32f767xx.o(.text)
    DFSDM1_FLT1_IRQHandler                   0x08000227   Thumb Code     0  startup_stm32f767xx.o(.text)
    DFSDM1_FLT2_IRQHandler                   0x08000227   Thumb Code     0  startup_stm32f767xx.o(.text)
    DFSDM1_FLT3_IRQHandler                   0x08000227   Thumb Code     0  startup_stm32f767xx.o(.text)
    DMA1_Stream0_IRQHandler                  0x08000227   Thumb Code     0  startup_stm32f767xx.o(.text)
    DMA1_Stream1_IRQHandler                  0x08000227   Thumb Code     0  startup_stm32f767xx.o(.text)
    DMA1_Stream2_IRQHandler                  0x08000227   Thumb Code     0  startup_stm32f767xx.o(.text)
    DMA1_Stream4_IRQHandler                  0x08000227   Thumb Code     0  startup_stm32f767xx.o(.text)
    DMA1_Stream5_IRQHandler                  0x08000227   Thumb Code     0  startup_stm32f767xx.o(.text)
    DMA1_Stream6_IRQHandler                  0x08000227   Thumb Code     0  startup_stm32f767xx.o(.text)
    DMA1_Stream7_IRQHandler                  0x08000227   Thumb Code     0  startup_stm32f767xx.o(.text)
    DMA2D_IRQHandler                         0x08000227   Thumb Code     0  startup_stm32f767xx.o(.text)
    DMA2_Stream0_IRQHandler                  0x08000227   Thumb Code     0  startup_stm32f767xx.o(.text)
    DMA2_Stream1_IRQHandler                  0x08000227   Thumb Code     0  startup_stm32f767xx.o(.text)
    DMA2_Stream2_IRQHandler                  0x08000227   Thumb Code     0  startup_stm32f767xx.o(.text)
    DMA2_Stream3_IRQHandler                  0x08000227   Thumb Code     0  startup_stm32f767xx.o(.text)
    DMA2_Stream4_IRQHandler                  0x08000227   Thumb Code     0  startup_stm32f767xx.o(.text)
    DMA2_Stream5_IRQHandler                  0x08000227   Thumb Code     0  startup_stm32f767xx.o(.text)
    DMA2_Stream6_IRQHandler                  0x08000227   Thumb Code     0  startup_stm32f767xx.o(.text)
    DMA2_Stream7_IRQHandler                  0x08000227   Thumb Code     0  startup_stm32f767xx.o(.text)
    ETH_IRQHandler                           0x08000227   Thumb Code     0  startup_stm32f767xx.o(.text)
    ETH_WKUP_IRQHandler                      0x08000227   Thumb Code     0  startup_stm32f767xx.o(.text)
    EXTI0_IRQHandler                         0x08000227   Thumb Code     0  startup_stm32f767xx.o(.text)
    EXTI15_10_IRQHandler                     0x08000227   Thumb Code     0  startup_stm32f767xx.o(.text)
    EXTI1_IRQHandler                         0x08000227   Thumb Code     0  startup_stm32f767xx.o(.text)
    EXTI2_IRQHandler                         0x08000227   Thumb Code     0  startup_stm32f767xx.o(.text)
    EXTI3_IRQHandler                         0x08000227   Thumb Code     0  startup_stm32f767xx.o(.text)
    EXTI4_IRQHandler                         0x08000227   Thumb Code     0  startup_stm32f767xx.o(.text)
    EXTI9_5_IRQHandler                       0x08000227   Thumb Code     0  startup_stm32f767xx.o(.text)
    FLASH_IRQHandler                         0x08000227   Thumb Code     0  startup_stm32f767xx.o(.text)
    FMC_IRQHandler                           0x08000227   Thumb Code     0  startup_stm32f767xx.o(.text)
    FPU_IRQHandler                           0x08000227   Thumb Code     0  startup_stm32f767xx.o(.text)
    I2C1_ER_IRQHandler                       0x08000227   Thumb Code     0  startup_stm32f767xx.o(.text)
    I2C1_EV_IRQHandler                       0x08000227   Thumb Code     0  startup_stm32f767xx.o(.text)
    I2C2_ER_IRQHandler                       0x08000227   Thumb Code     0  startup_stm32f767xx.o(.text)
    I2C2_EV_IRQHandler                       0x08000227   Thumb Code     0  startup_stm32f767xx.o(.text)
    I2C3_ER_IRQHandler                       0x08000227   Thumb Code     0  startup_stm32f767xx.o(.text)
    I2C3_EV_IRQHandler                       0x08000227   Thumb Code     0  startup_stm32f767xx.o(.text)
    I2C4_ER_IRQHandler                       0x08000227   Thumb Code     0  startup_stm32f767xx.o(.text)
    I2C4_EV_IRQHandler                       0x08000227   Thumb Code     0  startup_stm32f767xx.o(.text)
    JPEG_IRQHandler                          0x08000227   Thumb Code     0  startup_stm32f767xx.o(.text)
    LPTIM1_IRQHandler                        0x08000227   Thumb Code     0  startup_stm32f767xx.o(.text)
    LTDC_ER_IRQHandler                       0x08000227   Thumb Code     0  startup_stm32f767xx.o(.text)
    LTDC_IRQHandler                          0x08000227   Thumb Code     0  startup_stm32f767xx.o(.text)
    MDIOS_IRQHandler                         0x08000227   Thumb Code     0  startup_stm32f767xx.o(.text)
    OTG_FS_IRQHandler                        0x08000227   Thumb Code     0  startup_stm32f767xx.o(.text)
    OTG_FS_WKUP_IRQHandler                   0x08000227   Thumb Code     0  startup_stm32f767xx.o(.text)
    OTG_HS_EP1_IN_IRQHandler                 0x08000227   Thumb Code     0  startup_stm32f767xx.o(.text)
    OTG_HS_EP1_OUT_IRQHandler                0x08000227   Thumb Code     0  startup_stm32f767xx.o(.text)
    OTG_HS_IRQHandler                        0x08000227   Thumb Code     0  startup_stm32f767xx.o(.text)
    OTG_HS_WKUP_IRQHandler                   0x08000227   Thumb Code     0  startup_stm32f767xx.o(.text)
    PVD_IRQHandler                           0x08000227   Thumb Code     0  startup_stm32f767xx.o(.text)
    QUADSPI_IRQHandler                       0x08000227   Thumb Code     0  startup_stm32f767xx.o(.text)
    RCC_IRQHandler                           0x08000227   Thumb Code     0  startup_stm32f767xx.o(.text)
    RNG_IRQHandler                           0x08000227   Thumb Code     0  startup_stm32f767xx.o(.text)
    RTC_Alarm_IRQHandler                     0x08000227   Thumb Code     0  startup_stm32f767xx.o(.text)
    RTC_WKUP_IRQHandler                      0x08000227   Thumb Code     0  startup_stm32f767xx.o(.text)
    SAI1_IRQHandler                          0x08000227   Thumb Code     0  startup_stm32f767xx.o(.text)
    SAI2_IRQHandler                          0x08000227   Thumb Code     0  startup_stm32f767xx.o(.text)
    SDMMC1_IRQHandler                        0x08000227   Thumb Code     0  startup_stm32f767xx.o(.text)
    SDMMC2_IRQHandler                        0x08000227   Thumb Code     0  startup_stm32f767xx.o(.text)
    SPDIF_RX_IRQHandler                      0x08000227   Thumb Code     0  startup_stm32f767xx.o(.text)
    SPI1_IRQHandler                          0x08000227   Thumb Code     0  startup_stm32f767xx.o(.text)
    SPI2_IRQHandler                          0x08000227   Thumb Code     0  startup_stm32f767xx.o(.text)
    SPI3_IRQHandler                          0x08000227   Thumb Code     0  startup_stm32f767xx.o(.text)
    SPI4_IRQHandler                          0x08000227   Thumb Code     0  startup_stm32f767xx.o(.text)
    SPI5_IRQHandler                          0x08000227   Thumb Code     0  startup_stm32f767xx.o(.text)
    SPI6_IRQHandler                          0x08000227   Thumb Code     0  startup_stm32f767xx.o(.text)
    TAMP_STAMP_IRQHandler                    0x08000227   Thumb Code     0  startup_stm32f767xx.o(.text)
    TIM1_BRK_TIM9_IRQHandler                 0x08000227   Thumb Code     0  startup_stm32f767xx.o(.text)
    TIM1_CC_IRQHandler                       0x08000227   Thumb Code     0  startup_stm32f767xx.o(.text)
    TIM1_TRG_COM_TIM11_IRQHandler            0x08000227   Thumb Code     0  startup_stm32f767xx.o(.text)
    TIM1_UP_TIM10_IRQHandler                 0x08000227   Thumb Code     0  startup_stm32f767xx.o(.text)
    TIM2_IRQHandler                          0x08000227   Thumb Code     0  startup_stm32f767xx.o(.text)
    TIM3_IRQHandler                          0x08000227   Thumb Code     0  startup_stm32f767xx.o(.text)
    TIM4_IRQHandler                          0x08000227   Thumb Code     0  startup_stm32f767xx.o(.text)
    TIM5_IRQHandler                          0x08000227   Thumb Code     0  startup_stm32f767xx.o(.text)
    TIM7_IRQHandler                          0x08000227   Thumb Code     0  startup_stm32f767xx.o(.text)
    TIM8_BRK_TIM12_IRQHandler                0x08000227   Thumb Code     0  startup_stm32f767xx.o(.text)
    TIM8_CC_IRQHandler                       0x08000227   Thumb Code     0  startup_stm32f767xx.o(.text)
    TIM8_TRG_COM_TIM14_IRQHandler            0x08000227   Thumb Code     0  startup_stm32f767xx.o(.text)
    TIM8_UP_TIM13_IRQHandler                 0x08000227   Thumb Code     0  startup_stm32f767xx.o(.text)
    UART5_IRQHandler                         0x08000227   Thumb Code     0  startup_stm32f767xx.o(.text)
    UART7_IRQHandler                         0x08000227   Thumb Code     0  startup_stm32f767xx.o(.text)
    UART8_IRQHandler                         0x08000227   Thumb Code     0  startup_stm32f767xx.o(.text)
    USART6_IRQHandler                        0x08000227   Thumb Code     0  startup_stm32f767xx.o(.text)
    WWDG_IRQHandler                          0x08000227   Thumb Code     0  startup_stm32f767xx.o(.text)
    __aeabi_uldivmod                         0x08000231   Thumb Code    98  uldiv.o(.text)
    __aeabi_memcpy                           0x08000293   Thumb Code    36  memcpya.o(.text)
    __aeabi_memcpy4                          0x08000293   Thumb Code     0  memcpya.o(.text)
    __aeabi_memcpy8                          0x08000293   Thumb Code     0  memcpya.o(.text)
    __aeabi_llsl                             0x080002b7   Thumb Code    30  llshl.o(.text)
    _ll_shift_l                              0x080002b7   Thumb Code     0  llshl.o(.text)
    __aeabi_llsr                             0x080002d5   Thumb Code    32  llushr.o(.text)
    _ll_ushift_r                             0x080002d5   Thumb Code     0  llushr.o(.text)
    __scatterload                            0x080002f5   Thumb Code    28  init.o(.text)
    __scatterload_rt2                        0x080002f5   Thumb Code     0  init.o(.text)
    BusFault_Handler                         0x08000319   Thumb Code     4  stm32f7xx_it.o(i.BusFault_Handler)
    CalculateCheckSum                        0x0800031d   Thumb Code    26  parseframe.o(i.CalculateCheckSum)
    CheckSectionBegin                        0x08000337   Thumb Code    16  parseframe.o(i.CheckSectionBegin)
    CheckSectionEnd                          0x08000347   Thumb Code    46  parseframe.o(i.CheckSectionEnd)
    CheckSum16NN                             0x08000375   Thumb Code    28  mg354_spi.o(i.CheckSum16NN)
    ClearFrameConstructor                    0x08000391   Thumb Code    16  parseframe.o(i.ClearFrameConstructor)
    DMA1_Stream3_IRQHandler                  0x080003a1   Thumb Code    10  stm32f7xx_it.o(i.DMA1_Stream3_IRQHandler)
    DebugMon_Handler                         0x080004bb   Thumb Code     2  stm32f7xx_it.o(i.DebugMon_Handler)
    DmaCircularBufferIrqHandle               0x080004bd   Thumb Code    20  enhancedstm32.o(i.DmaCircularBufferIrqHandle)
    FrameBegin                               0x080004d1   Thumb Code    14  parseframe.o(i.FrameBegin)
    FrameEnd                                 0x080004df   Thumb Code    14  parseframe.o(i.FrameEnd)
    GetDoubleBuffer                          0x080004ed   Thumb Code    10  global.o(i.GetDoubleBuffer)
    GetDoubleBufferLength                    0x080004f7   Thumb Code    14  global.o(i.GetDoubleBufferLength)
    HAL_DMA_Abort_IT                         0x08000505   Thumb Code    40  stm32f7xx_hal_dma.o(i.HAL_DMA_Abort_IT)
    HAL_DMA_IRQHandler                       0x0800052d   Thumb Code   570  stm32f7xx_hal_dma.o(i.HAL_DMA_IRQHandler)
    HAL_DMA_Init                             0x0800076d   Thumb Code   232  stm32f7xx_hal_dma.o(i.HAL_DMA_Init)
    HAL_DMA_Start_IT                         0x08000859   Thumb Code   158  stm32f7xx_hal_dma.o(i.HAL_DMA_Start_IT)
    HAL_Delay                                0x080008f9   Thumb Code    36  stm32f7xx_hal.o(i.HAL_Delay)
    HAL_GPIO_Init                            0x08000921   Thumb Code   484  stm32f7xx_hal_gpio.o(i.HAL_GPIO_Init)
    HAL_GPIO_TogglePin                       0x08000b39   Thumb Code     8  stm32f7xx_hal_gpio.o(i.HAL_GPIO_TogglePin)
    HAL_GPIO_WritePin                        0x08000b41   Thumb Code    12  stm32f7xx_hal_gpio.o(i.HAL_GPIO_WritePin)
    HAL_GetTick                              0x08000b4d   Thumb Code     6  stm32f7xx_hal.o(i.HAL_GetTick)
    HAL_IncTick                              0x08000b59   Thumb Code    16  stm32f7xx_hal.o(i.HAL_IncTick)
    HAL_Init                                 0x08000b71   Thumb Code    22  stm32f7xx_hal.o(i.HAL_Init)
    HAL_InitTick                             0x08000b89   Thumb Code    64  stm32f7xx_hal.o(i.HAL_InitTick)
    HAL_MspInit                              0x08000bd5   Thumb Code   142  stm32f7xx_hal_msp.o(i.HAL_MspInit)
    HAL_NVIC_EnableIRQ                       0x08000c69   Thumb Code    26  stm32f7xx_hal_cortex.o(i.HAL_NVIC_EnableIRQ)
    HAL_NVIC_SetPriority                     0x08000c83   Thumb Code   124  stm32f7xx_hal_cortex.o(i.HAL_NVIC_SetPriority)
    HAL_NVIC_SetPriorityGrouping             0x08000d01   Thumb Code    32  stm32f7xx_hal_cortex.o(i.HAL_NVIC_SetPriorityGrouping)
    HAL_PWREx_EnableOverDrive                0x08000d29   Thumb Code   136  stm32f7xx_hal_pwr_ex.o(i.HAL_PWREx_EnableOverDrive)
    HAL_RCCEx_PeriphCLKConfig                0x08000db9   Thumb Code  1876  stm32f7xx_hal_rcc_ex.o(i.HAL_RCCEx_PeriphCLKConfig)
    HAL_RCC_ClockConfig                      0x08001511   Thumb Code   382  stm32f7xx_hal_rcc.o(i.HAL_RCC_ClockConfig)
    HAL_RCC_GetHCLKFreq                      0x080016a1   Thumb Code     6  stm32f7xx_hal_rcc.o(i.HAL_RCC_GetHCLKFreq)
    HAL_RCC_GetPCLK1Freq                     0x080016ad   Thumb Code    22  stm32f7xx_hal_rcc.o(i.HAL_RCC_GetPCLK1Freq)
    HAL_RCC_GetPCLK2Freq                     0x080016cd   Thumb Code    22  stm32f7xx_hal_rcc.o(i.HAL_RCC_GetPCLK2Freq)
    HAL_RCC_GetSysClockFreq                  0x080016ed   Thumb Code   162  stm32f7xx_hal_rcc.o(i.HAL_RCC_GetSysClockFreq)
    HAL_RCC_OscConfig                        0x0800179d   Thumb Code  1204  stm32f7xx_hal_rcc.o(i.HAL_RCC_OscConfig)
    HAL_SPI_Init                             0x08001c55   Thumb Code   204  stm32f7xx_hal_spi.o(i.HAL_SPI_Init)
    HAL_SPI_MspInit                          0x08001d21   Thumb Code    74  spi.o(i.HAL_SPI_MspInit)
    HAL_SPI_Transmit                         0x08001d79   Thumb Code   370  stm32f7xx_hal_spi.o(i.HAL_SPI_Transmit)
    HAL_SPI_TransmitReceive                  0x08001eeb   Thumb Code   626  stm32f7xx_hal_spi.o(i.HAL_SPI_TransmitReceive)
    HAL_SYSTICK_CLKSourceConfig              0x0800215d   Thumb Code    40  stm32f7xx_hal_cortex.o(i.HAL_SYSTICK_CLKSourceConfig)
    HAL_SYSTICK_Callback                     0x08002185   Thumb Code     2  stm32f7xx_hal_cortex.o(i.HAL_SYSTICK_Callback)
    HAL_SYSTICK_Config                       0x08002187   Thumb Code    52  stm32f7xx_hal_cortex.o(i.HAL_SYSTICK_Config)
    HAL_SYSTICK_IRQHandler                   0x080021bb   Thumb Code     8  stm32f7xx_hal_cortex.o(i.HAL_SYSTICK_IRQHandler)
    HAL_TIMEx_BreakCallback                  0x080021c3   Thumb Code     2  stm32f7xx_hal_tim_ex.o(i.HAL_TIMEx_BreakCallback)
    HAL_TIMEx_CommutationCallback            0x080021c5   Thumb Code     2  stm32f7xx_hal_tim_ex.o(i.HAL_TIMEx_CommutationCallback)
    HAL_TIMEx_MasterConfigSynchronization    0x080021c9   Thumb Code    98  stm32f7xx_hal_tim_ex.o(i.HAL_TIMEx_MasterConfigSynchronization)
    HAL_TIM_Base_Init                        0x08002235   Thumb Code    52  stm32f7xx_hal_tim.o(i.HAL_TIM_Base_Init)
    HAL_TIM_Base_MspInit                     0x08002269   Thumb Code    58  tim.o(i.HAL_TIM_Base_MspInit)
    HAL_TIM_Base_Start_IT                    0x080022ad   Thumb Code    30  stm32f7xx_hal_tim.o(i.HAL_TIM_Base_Start_IT)
    HAL_TIM_IC_CaptureCallback               0x080022cb   Thumb Code     2  stm32f7xx_hal_tim.o(i.HAL_TIM_IC_CaptureCallback)
    HAL_TIM_IRQHandler                       0x080022cd   Thumb Code   440  stm32f7xx_hal_tim.o(i.HAL_TIM_IRQHandler)
    HAL_TIM_OC_DelayElapsedCallback          0x08002485   Thumb Code     2  stm32f7xx_hal_tim.o(i.HAL_TIM_OC_DelayElapsedCallback)
    HAL_TIM_PWM_PulseFinishedCallback        0x08002487   Thumb Code     2  stm32f7xx_hal_tim.o(i.HAL_TIM_PWM_PulseFinishedCallback)
    HAL_TIM_PeriodElapsedCallback            0x08002489   Thumb Code    18  device.o(i.HAL_TIM_PeriodElapsedCallback)
    HAL_TIM_TriggerCallback                  0x080024a5   Thumb Code     2  stm32f7xx_hal_tim.o(i.HAL_TIM_TriggerCallback)
    HAL_UART_ErrorCallback                   0x080024a9   Thumb Code    50  device.o(i.HAL_UART_ErrorCallback)
    HAL_UART_GetError                        0x080024e1   Thumb Code     6  stm32f7xx_hal_uart.o(i.HAL_UART_GetError)
    HAL_UART_IRQHandler                      0x080024e9   Thumb Code   348  stm32f7xx_hal_uart.o(i.HAL_UART_IRQHandler)
    HAL_UART_Init                            0x08002649   Thumb Code   120  stm32f7xx_hal_uart.o(i.HAL_UART_Init)
    HAL_UART_MspInit                         0x080026c1   Thumb Code   408  usart.o(i.HAL_UART_MspInit)
    HAL_UART_Receive_IT                      0x0800288d   Thumb Code   188  stm32f7xx_hal_uart.o(i.HAL_UART_Receive_IT)
    HAL_UART_RxCpltCallback                  0x08002949   Thumb Code    58  device.o(i.HAL_UART_RxCpltCallback)
    HAL_UART_Transmit                        0x0800299d   Thumb Code   198  stm32f7xx_hal_uart.o(i.HAL_UART_Transmit)
    HAL_UART_Transmit_DMA                    0x08002a65   Thumb Code   146  stm32f7xx_hal_uart.o(i.HAL_UART_Transmit_DMA)
    HAL_UART_TxCpltCallback                  0x08002b05   Thumb Code     2  stm32f7xx_hal_uart.o(i.HAL_UART_TxCpltCallback)
    HAL_UART_TxHalfCpltCallback              0x08002b07   Thumb Code     2  stm32f7xx_hal_uart.o(i.HAL_UART_TxHalfCpltCallback)
    HardFault_Handler                        0x08002b09   Thumb Code     4  stm32f7xx_it.o(i.HardFault_Handler)
    HeartPulse                               0x08002b0d   Thumb Code    34  mainentry.o(i.HeartPulse)
    InitDevice                               0x08002b39   Thumb Code    82  device.o(i.InitDevice)
    LED_Toggle                               0x08002ba1   Thumb Code    38  dvc_led.o(i.LED_Toggle)
    LengthSectionBegin                       0x08002bd1   Thumb Code    16  parseframe.o(i.LengthSectionBegin)
    LengthSectionEnd                         0x08002be1   Thumb Code    42  parseframe.o(i.LengthSectionEnd)
    MG354_DevieceSPI_ReadOneByte             0x08002c0d   Thumb Code    62  mg354_spi.o(i.MG354_DevieceSPI_ReadOneByte)
    MG354_DevieceSPI_WriteOneByte            0x08002c55   Thumb Code    60  mg354_spi.o(i.MG354_DevieceSPI_WriteOneByte)
    MG354_Init_SPI                           0x08002c99   Thumb Code   154  mg354_spi.o(i.MG354_Init_SPI)
    MX_DMA_Init                              0x08002d51   Thumb Code    48  dma.o(i.MX_DMA_Init)
    MX_GPIO_Init                             0x08002d85   Thumb Code   258  gpio.o(i.MX_GPIO_Init)
    MX_SPI1_Init                             0x08002e99   Thumb Code    78  spi.o(i.MX_SPI1_Init)
    MX_TIM6_Init                             0x08002f01   Thumb Code    68  tim.o(i.MX_TIM6_Init)
    MX_UART4_Init                            0x08002f5d   Thumb Code    60  usart.o(i.MX_UART4_Init)
    MX_USART1_UART_Init                      0x08002fb1   Thumb Code    60  usart.o(i.MX_USART1_UART_Init)
    MX_USART2_UART_Init                      0x08003005   Thumb Code    60  usart.o(i.MX_USART2_UART_Init)
    MX_USART3_UART_Init                      0x08003059   Thumb Code    60  usart.o(i.MX_USART3_UART_Init)
    MainEntry                                0x080030ad   Thumb Code    44  mainentry.o(i.MainEntry)
    MarkLengthPosition                       0x080030e5   Thumb Code    42  parseframe.o(i.MarkLengthPosition)
    MemManage_Handler                        0x0800310f   Thumb Code     4  stm32f7xx_it.o(i.MemManage_Handler)
    NMI_Handler                              0x08003113   Thumb Code     2  stm32f7xx_it.o(i.NMI_Handler)
    ParaseIMU_SPI                            0x0800314d   Thumb Code   278  mg354_spi.o(i.ParaseIMU_SPI)
    PendSV_Handler                           0x08003281   Thumb Code     2  stm32f7xx_it.o(i.PendSV_Handler)
    PushBytesDoubleBuffer                    0x08003283   Thumb Code    28  global.o(i.PushBytesDoubleBuffer)
    PushCircularBuffer                       0x0800329f   Thumb Code    54  global.o(i.PushCircularBuffer)
    PushDoubleBuffer                         0x080032d5   Thumb Code    66  global.o(i.PushDoubleBuffer)
    PushWordDoubleBuffer                     0x08003317   Thumb Code    24  global.o(i.PushWordDoubleBuffer)
    QSENS_MakeImuFrame                       0x08003331   Thumb Code   256  msg_qsens.o(i.QSENS_MakeImuFrame)
    Read_IMU_SPI_Burst                       0x08003439   Thumb Code    70  mg354_spi.o(i.Read_IMU_SPI_Burst)
    Read_IMU_Start_SPI                       0x08003485   Thumb Code    68  mg354_spi.o(i.Read_IMU_Start_SPI)
    RecieveInputStream_IT                    0x080034c9   Thumb Code    36  enhancedstm32.o(i.RecieveInputStream_IT)
    SVC_Handler                              0x080036a3   Thumb Code     2  stm32f7xx_it.o(i.SVC_Handler)
    SampleAndSendImuData                     0x080036a5   Thumb Code    30  message.o(i.SampleAndSendImuData)
    SampleImuDataMG354                       0x080036cd   Thumb Code   206  device.o(i.SampleImuDataMG354)
    SendDoubleBuffer                         0x080037b9   Thumb Code   102  enhancedstm32.o(i.SendDoubleBuffer)
    SysTick_Handler                          0x0800381f   Thumb Code    12  stm32f7xx_it.o(i.SysTick_Handler)
    SystemClock_Config                       0x0800382d   Thumb Code   234  main.o(i.SystemClock_Config)
    SystemInit                               0x08003931   Thumb Code    82  system_stm32f7xx.o(i.SystemInit)
    TIM6_DAC_IRQHandler                      0x08003995   Thumb Code    10  stm32f7xx_it.o(i.TIM6_DAC_IRQHandler)
    TIM_Base_SetConfig                       0x080039a5   Thumb Code   196  stm32f7xx_hal_tim.o(i.TIM_Base_SetConfig)
    UART4_IRQHandler                         0x08003a95   Thumb Code    10  stm32f7xx_it.o(i.UART4_IRQHandler)
    UART_AdvFeatureConfig                    0x08003aa5   Thumb Code   234  stm32f7xx_hal_uart.o(i.UART_AdvFeatureConfig)
    UART_CheckIdleState                      0x08003b8f   Thumb Code    78  stm32f7xx_hal_uart.o(i.UART_CheckIdleState)
    UART_SetConfig                           0x08003d65   Thumb Code   858  stm32f7xx_hal_uart.o(i.UART_SetConfig)
    UART_WaitOnFlagUntilTimeout              0x0800415b   Thumb Code   108  stm32f7xx_hal_uart.o(i.UART_WaitOnFlagUntilTimeout)
    USART1_IRQHandler                        0x080041c9   Thumb Code    10  stm32f7xx_it.o(i.USART1_IRQHandler)
    USART2_IRQHandler                        0x080041d9   Thumb Code    10  stm32f7xx_it.o(i.USART2_IRQHandler)
    USART3_IRQHandler                        0x080041e9   Thumb Code    10  stm32f7xx_it.o(i.USART3_IRQHandler)
    UsageFault_Handler                       0x080041f9   Thumb Code     4  stm32f7xx_it.o(i.UsageFault_Handler)
    _Error_Handler                           0x080041fd   Thumb Code     4  main.o(i._Error_Handler)
    __0printf$bare                           0x08004201   Thumb Code     8  printfb.o(i.__0printf$bare)
    __1printf$bare                           0x08004201   Thumb Code     0  printfb.o(i.__0printf$bare)
    __2printf                                0x08004201   Thumb Code     0  printfb.o(i.__0printf$bare)
    __scatterload_copy                       0x08004211   Thumb Code    14  handlers.o(i.__scatterload_copy)
    __scatterload_null                       0x0800421f   Thumb Code     2  handlers.o(i.__scatterload_null)
    __scatterload_zeroinit                   0x08004221   Thumb Code    14  handlers.o(i.__scatterload_zeroinit)
    fputc                                    0x08004251   Thumb Code    20  device.o(i.fputc)
    main                                     0x08004269   Thumb Code    48  main.o(i.main)
    mydelay                                  0x08004299   Thumb Code    22  mg354_spi.o(i.mydelay)
    AHBPrescTable                            0x080042ae   Data          16  system_stm32f7xx.o(.constdata)
    APBPrescTable                            0x080042be   Data           8  system_stm32f7xx.o(.constdata)
    Region$$Table$$Base                      0x080042d0   Number         0  anon$$obj.o(Region$$Table)
    Region$$Table$$Limit                     0x080042f0   Number         0  anon$$obj.o(Region$$Table)
    SystemCoreClock                          0x20000000   Data           4  system_stm32f7xx.o(.data)
    FramLength                               0x20000004   Data           2  mainentry.o(.data)
    g_LedTable                               0x2000000c   Data          64  device.o(.data)
    g_LedNumber                              0x2000004c   Data           2  device.o(.data)
    g_Usart5InputStream                      0x20000050   Data           8  device.o(.data)
    g_Usart3OutputStream                     0x20000058   Data           8  device.o(.data)
    g_USART1_Buffer                          0x20000060   Data          16  device.o(.data)
    g_USART3_Buffer                          0x20000070   Data          16  device.o(.data)
    g_Usart1OutputBuffer                     0x20000080   Data          20  device.o(.data)
    g_Usart3OutputBuffer                     0x20000094   Data          20  device.o(.data)
    f10ms                                    0x200000a8   Data           1  device.o(.data)
    rxCpltFlag                               0x200000a9   Data           1  device.o(.data)
    RecFlagSPI                               0x200000aa   Data           1  mg354_spi.o(.data)
    uwTick                                   0x200000ac   Data           4  stm32f7xx_hal.o(.data)
    uwTickPrio                               0x200000b0   Data           4  stm32f7xx_hal.o(.data)
    uwTickFreq                               0x200000b4   Data           1  stm32f7xx_hal.o(.data)
    RecFlag                                  0x200000b6   Data           1  msg_qsens.o(.data)
    __stdout                                 0x200000bc   Data           4  stdout.o(.data)
    g_Usart1InputStream                      0x200000c0   Data          16  device.o(.bss)
    g_Usart3InputStream                      0x200000d0   Data          16  device.o(.bss)
    g_USART1_Buffer_memory                   0x200000e0   Data        1024  device.o(.bss)
    g_USART3_Buffer_memory                   0x200004e0   Data         128  device.o(.bss)
    g_USART5_Buffer                          0x20000560   Data         128  device.o(.bss)
    g_Usart1OutputBuffer_memory              0x200005e0   Data        2048  device.o(.bss)
    g_Usart3OutputBuffer_memory              0x20000de0   Data        2048  device.o(.bss)
    MG354                                    0x200015e0   Data          76  device.o(.bss)
    g_CircularBuffer_DMA_UART5               0x2000162c   Data          52  device.o(.bss)
    hspi1                                    0x20001660   Data         100  spi.o(.bss)
    htim6                                    0x200016c4   Data          64  tim.o(.bss)
    huart4                                   0x20001704   Data         112  usart.o(.bss)
    huart1                                   0x20001774   Data         112  usart.o(.bss)
    huart2                                   0x200017e4   Data         112  usart.o(.bss)
    huart3                                   0x20001854   Data         112  usart.o(.bss)
    hdma_usart3_tx                           0x200018c4   Data          96  usart.o(.bss)
    Imu                                      0x20001924   Data          48  message.o(.bss)
    g_Usart1Parse_memory                     0x20001954   Data         128  message.o(.bss)
    g_Usart3Parse_memory                     0x200019d4   Data         128  message.o(.bss)
    g_Usart5Parse_memory                     0x20001a54   Data         128  message.o(.bss)
    g_Imu                                    0x20001ad4   Data          48  msg_qsens.o(.bss)
    frameConstr                              0x20001b04   Data          12  msg_qsens.o(.bss)
    usart3_rxbuf                             0x20001b10   Data         100  msg_qsens.o(.bss)
    __initial_sp                             0x20004378   Data           0  startup_stm32f767xx.o(STACK)



==============================================================================

Memory Map of the image

  Image Entry point : 0x080001f9

  Load Region LR_IROM1 (Base: 0x08000000, Size: 0x000043b0, Max: 0x00200000, ABSOLUTE)

    Execution Region ER_IROM1 (Base: 0x08000000, Size: 0x000042f0, Max: 0x00200000, ABSOLUTE)

    Base Addr    Size         Type   Attr      Idx    E Section Name        Object

    0x08000000   0x000001f8   Data   RO            3    RESET               startup_stm32f767xx.o
    0x080001f8   0x00000000   Code   RO         4613  * .ARM.Collect$$$$00000000  mc_w.l(entry.o)
    0x080001f8   0x00000004   Code   RO         4914    .ARM.Collect$$$$00000001  mc_w.l(entry2.o)
    0x080001fc   0x00000004   Code   RO         4917    .ARM.Collect$$$$00000004  mc_w.l(entry5.o)
    0x08000200   0x00000000   Code   RO         4919    .ARM.Collect$$$$00000008  mc_w.l(entry7b.o)
    0x08000200   0x00000000   Code   RO         4921    .ARM.Collect$$$$0000000A  mc_w.l(entry8b.o)
    0x08000200   0x00000008   Code   RO         4922    .ARM.Collect$$$$0000000B  mc_w.l(entry9a.o)
    0x08000208   0x00000000   Code   RO         4924    .ARM.Collect$$$$0000000D  mc_w.l(entry10a.o)
    0x08000208   0x00000000   Code   RO         4926    .ARM.Collect$$$$0000000F  mc_w.l(entry11a.o)
    0x08000208   0x00000004   Code   RO         4915    .ARM.Collect$$$$00002712  mc_w.l(entry2.o)
    0x0800020c   0x00000024   Code   RO            4    .text               startup_stm32f767xx.o
    0x08000230   0x00000062   Code   RO         4616    .text               mc_w.l(uldiv.o)
    0x08000292   0x00000024   Code   RO         4618    .text               mc_w.l(memcpya.o)
    0x080002b6   0x0000001e   Code   RO         4931    .text               mc_w.l(llshl.o)
    0x080002d4   0x00000020   Code   RO         4933    .text               mc_w.l(llushr.o)
    0x080002f4   0x00000024   Code   RO         4948    .text               mc_w.l(init.o)
    0x08000318   0x00000004   Code   RO         4029    i.BusFault_Handler  stm32f7xx_it.o
    0x0800031c   0x0000001a   Code   RO         4315    i.CalculateCheckSum  parseframe.o
    0x08000336   0x00000010   Code   RO         4324    i.CheckSectionBegin  parseframe.o
    0x08000346   0x0000002e   Code   RO         4325    i.CheckSectionEnd   parseframe.o
    0x08000374   0x0000001c   Code   RO          534    i.CheckSum16NN      mg354_spi.o
    0x08000390   0x00000010   Code   RO         4328    i.ClearFrameConstructor  parseframe.o
    0x080003a0   0x00000010   Code   RO         4030    i.DMA1_Stream3_IRQHandler  stm32f7xx_it.o
    0x080003b0   0x00000034   Code   RO         2751    i.DMA_CalcBaseAndBitshift  stm32f7xx_hal_dma.o
    0x080003e4   0x000000aa   Code   RO         2752    i.DMA_CheckFifoParam  stm32f7xx_hal_dma.o
    0x0800048e   0x0000002c   Code   RO         2753    i.DMA_SetConfig     stm32f7xx_hal_dma.o
    0x080004ba   0x00000002   Code   RO         4031    i.DebugMon_Handler  stm32f7xx_it.o
    0x080004bc   0x00000014   Code   RO          465    i.DmaCircularBufferIrqHandle  enhancedstm32.o
    0x080004d0   0x0000000e   Code   RO         4332    i.FrameBegin        parseframe.o
    0x080004de   0x0000000e   Code   RO         4333    i.FrameEnd          parseframe.o
    0x080004ec   0x0000000a   Code   RO          242    i.GetDoubleBuffer   global.o
    0x080004f6   0x0000000e   Code   RO          243    i.GetDoubleBufferLength  global.o
    0x08000504   0x00000028   Code   RO         2755    i.HAL_DMA_Abort_IT  stm32f7xx_hal_dma.o
    0x0800052c   0x00000240   Code   RO         2759    i.HAL_DMA_IRQHandler  stm32f7xx_hal_dma.o
    0x0800076c   0x000000ec   Code   RO         2760    i.HAL_DMA_Init      stm32f7xx_hal_dma.o
    0x08000858   0x0000009e   Code   RO         2764    i.HAL_DMA_Start_IT  stm32f7xx_hal_dma.o
    0x080008f6   0x00000002   PAD
    0x080008f8   0x00000028   Code   RO         3121    i.HAL_Delay         stm32f7xx_hal.o
    0x08000920   0x00000218   Code   RO         2688    i.HAL_GPIO_Init     stm32f7xx_hal_gpio.o
    0x08000b38   0x00000008   Code   RO         2691    i.HAL_GPIO_TogglePin  stm32f7xx_hal_gpio.o
    0x08000b40   0x0000000c   Code   RO         2692    i.HAL_GPIO_WritePin  stm32f7xx_hal_gpio.o
    0x08000b4c   0x0000000c   Code   RO         3131    i.HAL_GetTick       stm32f7xx_hal.o
    0x08000b58   0x00000018   Code   RO         3137    i.HAL_IncTick       stm32f7xx_hal.o
    0x08000b70   0x00000016   Code   RO         3138    i.HAL_Init          stm32f7xx_hal.o
    0x08000b86   0x00000002   PAD
    0x08000b88   0x0000004c   Code   RO         3139    i.HAL_InitTick      stm32f7xx_hal.o
    0x08000bd4   0x00000094   Code   RO         4141    i.HAL_MspInit       stm32f7xx_hal_msp.o
    0x08000c68   0x0000001a   Code   RO          621    i.HAL_NVIC_EnableIRQ  stm32f7xx_hal_cortex.o
    0x08000c82   0x0000007c   Code   RO          627    i.HAL_NVIC_SetPriority  stm32f7xx_hal_cortex.o
    0x08000cfe   0x00000002   PAD
    0x08000d00   0x00000028   Code   RO          628    i.HAL_NVIC_SetPriorityGrouping  stm32f7xx_hal_cortex.o
    0x08000d28   0x00000090   Code   RO         3028    i.HAL_PWREx_EnableOverDrive  stm32f7xx_hal_pwr_ex.o
    0x08000db8   0x00000758   Code   RO         2404    i.HAL_RCCEx_PeriphCLKConfig  stm32f7xx_hal_rcc_ex.o
    0x08001510   0x00000190   Code   RO         2297    i.HAL_RCC_ClockConfig  stm32f7xx_hal_rcc.o
    0x080016a0   0x0000000c   Code   RO         2302    i.HAL_RCC_GetHCLKFreq  stm32f7xx_hal_rcc.o
    0x080016ac   0x00000020   Code   RO         2304    i.HAL_RCC_GetPCLK1Freq  stm32f7xx_hal_rcc.o
    0x080016cc   0x00000020   Code   RO         2305    i.HAL_RCC_GetPCLK2Freq  stm32f7xx_hal_rcc.o
    0x080016ec   0x000000b0   Code   RO         2306    i.HAL_RCC_GetSysClockFreq  stm32f7xx_hal_rcc.o
    0x0800179c   0x000004b8   Code   RO         2309    i.HAL_RCC_OscConfig  stm32f7xx_hal_rcc.o
    0x08001c54   0x000000cc   Code   RO          767    i.HAL_SPI_Init      stm32f7xx_hal_spi.o
    0x08001d20   0x00000058   Code   RO         3886    i.HAL_SPI_MspInit   spi.o
    0x08001d78   0x00000172   Code   RO          775    i.HAL_SPI_Transmit  stm32f7xx_hal_spi.o
    0x08001eea   0x00000272   Code   RO          776    i.HAL_SPI_TransmitReceive  stm32f7xx_hal_spi.o
    0x0800215c   0x00000028   Code   RO          630    i.HAL_SYSTICK_CLKSourceConfig  stm32f7xx_hal_cortex.o
    0x08002184   0x00000002   Code   RO          631    i.HAL_SYSTICK_Callback  stm32f7xx_hal_cortex.o
    0x08002186   0x00000034   Code   RO          632    i.HAL_SYSTICK_Config  stm32f7xx_hal_cortex.o
    0x080021ba   0x00000008   Code   RO          633    i.HAL_SYSTICK_IRQHandler  stm32f7xx_hal_cortex.o
    0x080021c2   0x00000002   Code   RO         1728    i.HAL_TIMEx_BreakCallback  stm32f7xx_hal_tim_ex.o
    0x080021c4   0x00000002   Code   RO         1729    i.HAL_TIMEx_CommutationCallback  stm32f7xx_hal_tim_ex.o
    0x080021c6   0x00000002   PAD
    0x080021c8   0x0000006c   Code   RO         1747    i.HAL_TIMEx_MasterConfigSynchronization  stm32f7xx_hal_tim_ex.o
    0x08002234   0x00000034   Code   RO         1085    i.HAL_TIM_Base_Init  stm32f7xx_hal_tim.o
    0x08002268   0x00000044   Code   RO         3928    i.HAL_TIM_Base_MspInit  tim.o
    0x080022ac   0x0000001e   Code   RO         1090    i.HAL_TIM_Base_Start_IT  stm32f7xx_hal_tim.o
    0x080022ca   0x00000002   Code   RO         1114    i.HAL_TIM_IC_CaptureCallback  stm32f7xx_hal_tim.o
    0x080022cc   0x000001b8   Code   RO         1127    i.HAL_TIM_IRQHandler  stm32f7xx_hal_tim.o
    0x08002484   0x00000002   Code   RO         1130    i.HAL_TIM_OC_DelayElapsedCallback  stm32f7xx_hal_tim.o
    0x08002486   0x00000002   Code   RO         1157    i.HAL_TIM_PWM_PulseFinishedCallback  stm32f7xx_hal_tim.o
    0x08002488   0x0000001c   Code   RO          318    i.HAL_TIM_PeriodElapsedCallback  device.o
    0x080024a4   0x00000002   Code   RO         1168    i.HAL_TIM_TriggerCallback  stm32f7xx_hal_tim.o
    0x080024a6   0x00000002   PAD
    0x080024a8   0x00000038   Code   RO          319    i.HAL_UART_ErrorCallback  device.o
    0x080024e0   0x00000006   Code   RO         2023    i.HAL_UART_GetError  stm32f7xx_hal_uart.o
    0x080024e6   0x00000002   PAD
    0x080024e8   0x00000160   Code   RO         2025    i.HAL_UART_IRQHandler  stm32f7xx_hal_uart.o
    0x08002648   0x00000078   Code   RO         2026    i.HAL_UART_Init     stm32f7xx_hal_uart.o
    0x080026c0   0x000001cc   Code   RO         3970    i.HAL_UART_MspInit  usart.o
    0x0800288c   0x000000bc   Code   RO         2031    i.HAL_UART_Receive_IT  stm32f7xx_hal_uart.o
    0x08002948   0x00000054   Code   RO          320    i.HAL_UART_RxCpltCallback  device.o
    0x0800299c   0x000000c6   Code   RO         2034    i.HAL_UART_Transmit  stm32f7xx_hal_uart.o
    0x08002a62   0x00000002   PAD
    0x08002a64   0x000000a0   Code   RO         2035    i.HAL_UART_Transmit_DMA  stm32f7xx_hal_uart.o
    0x08002b04   0x00000002   Code   RO         2037    i.HAL_UART_TxCpltCallback  stm32f7xx_hal_uart.o
    0x08002b06   0x00000002   Code   RO         2038    i.HAL_UART_TxHalfCpltCallback  stm32f7xx_hal_uart.o
    0x08002b08   0x00000004   Code   RO         4032    i.HardFault_Handler  stm32f7xx_it.o
    0x08002b0c   0x0000002c   Code   RO          149    i.HeartPulse        mainentry.o
    0x08002b38   0x00000068   Code   RO          321    i.InitDevice        device.o
    0x08002ba0   0x00000030   Code   RO          394    i.LED_Toggle        dvc_led.o
    0x08002bd0   0x00000010   Code   RO         4353    i.LengthSectionBegin  parseframe.o
    0x08002be0   0x0000002a   Code   RO         4354    i.LengthSectionEnd  parseframe.o
    0x08002c0a   0x00000002   PAD
    0x08002c0c   0x00000048   Code   RO          535    i.MG354_DevieceSPI_ReadOneByte  mg354_spi.o
    0x08002c54   0x00000044   Code   RO          536    i.MG354_DevieceSPI_WriteOneByte  mg354_spi.o
    0x08002c98   0x000000b8   Code   RO          537    i.MG354_Init_SPI    mg354_spi.o
    0x08002d50   0x00000034   Code   RO         3861    i.MX_DMA_Init       dma.o
    0x08002d84   0x00000114   Code   RO         3837    i.MX_GPIO_Init      gpio.o
    0x08002e98   0x00000068   Code   RO         3887    i.MX_SPI1_Init      spi.o
    0x08002f00   0x0000005c   Code   RO         3929    i.MX_TIM6_Init      tim.o
    0x08002f5c   0x00000054   Code   RO         3971    i.MX_UART4_Init     usart.o
    0x08002fb0   0x00000054   Code   RO         3972    i.MX_USART1_UART_Init  usart.o
    0x08003004   0x00000054   Code   RO         3973    i.MX_USART2_UART_Init  usart.o
    0x08003058   0x00000054   Code   RO         3974    i.MX_USART3_UART_Init  usart.o
    0x080030ac   0x00000038   Code   RO          150    i.MainEntry         mainentry.o
    0x080030e4   0x0000002a   Code   RO         4355    i.MarkLengthPosition  parseframe.o
    0x0800310e   0x00000004   Code   RO         4033    i.MemManage_Handler  stm32f7xx_it.o
    0x08003112   0x00000002   Code   RO         4034    i.NMI_Handler       stm32f7xx_it.o
    0x08003114   0x00000010   Code   RO          634    i.NVIC_GetPriorityGrouping  stm32f7xx_hal_cortex.o
    0x08003124   0x00000028   Code   RO          635    i.NVIC_SetPriority  stm32f7xx_hal_cortex.o
    0x0800314c   0x00000134   Code   RO          538    i.ParaseIMU_SPI     mg354_spi.o
    0x08003280   0x00000002   Code   RO         4035    i.PendSV_Handler    stm32f7xx_it.o
    0x08003282   0x0000001c   Code   RO          246    i.PushBytesDoubleBuffer  global.o
    0x0800329e   0x00000036   Code   RO          247    i.PushCircularBuffer  global.o
    0x080032d4   0x00000042   Code   RO          248    i.PushDoubleBuffer  global.o
    0x08003316   0x00000018   Code   RO          249    i.PushWordDoubleBuffer  global.o
    0x0800332e   0x00000002   PAD
    0x08003330   0x00000108   Code   RO         4233    i.QSENS_MakeImuFrame  msg_qsens.o
    0x08003438   0x0000004c   Code   RO          540    i.Read_IMU_SPI_Burst  mg354_spi.o
    0x08003484   0x00000044   Code   RO          541    i.Read_IMU_Start_SPI  mg354_spi.o
    0x080034c8   0x00000024   Code   RO          469    i.RecieveInputStream_IT  enhancedstm32.o
    0x080034ec   0x00000064   Code   RO          805    i.SPI_EndRxTxTransaction  stm32f7xx_hal_spi.o
    0x08003550   0x000000b2   Code   RO          810    i.SPI_WaitFifoStateUntilTimeout  stm32f7xx_hal_spi.o
    0x08003602   0x000000a0   Code   RO          811    i.SPI_WaitFlagStateUntilTimeout  stm32f7xx_hal_spi.o
    0x080036a2   0x00000002   Code   RO         4036    i.SVC_Handler       stm32f7xx_it.o
    0x080036a4   0x00000028   Code   RO         4170    i.SampleAndSendImuData  message.o
    0x080036cc   0x000000ec   Code   RO          322    i.SampleImuDataMG354  device.o
    0x080037b8   0x00000066   Code   RO          470    i.SendDoubleBuffer  enhancedstm32.o
    0x0800381e   0x0000000c   Code   RO         4037    i.SysTick_Handler   stm32f7xx_it.o
    0x0800382a   0x00000002   PAD
    0x0800382c   0x00000104   Code   RO         3791    i.SystemClock_Config  main.o
    0x08003930   0x00000064   Code   RO           14    i.SystemInit        system_stm32f7xx.o
    0x08003994   0x00000010   Code   RO         4038    i.TIM6_DAC_IRQHandler  stm32f7xx_it.o
    0x080039a4   0x000000f0   Code   RO         1169    i.TIM_Base_SetConfig  stm32f7xx_hal_tim.o
    0x08003a94   0x00000010   Code   RO         4039    i.UART4_IRQHandler  stm32f7xx_it.o
    0x08003aa4   0x000000ea   Code   RO         2039    i.UART_AdvFeatureConfig  stm32f7xx_hal_uart.o
    0x08003b8e   0x0000004e   Code   RO         2040    i.UART_CheckIdleState  stm32f7xx_hal_uart.o
    0x08003bdc   0x00000018   Code   RO         2041    i.UART_DMAAbortOnError  stm32f7xx_hal_uart.o
    0x08003bf4   0x0000004e   Code   RO         2042    i.UART_DMAError     stm32f7xx_hal_uart.o
    0x08003c42   0x00000038   Code   RO         2045    i.UART_DMATransmitCplt  stm32f7xx_hal_uart.o
    0x08003c7a   0x0000000e   Code   RO         2046    i.UART_DMATxHalfCplt  stm32f7xx_hal_uart.o
    0x08003c88   0x00000020   Code   RO         2047    i.UART_EndRxTransfer  stm32f7xx_hal_uart.o
    0x08003ca8   0x00000020   Code   RO         2048    i.UART_EndTransmit_IT  stm32f7xx_hal_uart.o
    0x08003cc8   0x00000014   Code   RO         2049    i.UART_EndTxTransfer  stm32f7xx_hal_uart.o
    0x08003cdc   0x00000088   Code   RO         2050    i.UART_Receive_IT   stm32f7xx_hal_uart.o
    0x08003d64   0x0000038c   Code   RO         2051    i.UART_SetConfig    stm32f7xx_hal_uart.o
    0x080040f0   0x0000006a   Code   RO         2052    i.UART_Transmit_IT  stm32f7xx_hal_uart.o
    0x0800415a   0x0000006c   Code   RO         2053    i.UART_WaitOnFlagUntilTimeout  stm32f7xx_hal_uart.o
    0x080041c6   0x00000002   PAD
    0x080041c8   0x00000010   Code   RO         4040    i.USART1_IRQHandler  stm32f7xx_it.o
    0x080041d8   0x00000010   Code   RO         4041    i.USART2_IRQHandler  stm32f7xx_it.o
    0x080041e8   0x00000010   Code   RO         4042    i.USART3_IRQHandler  stm32f7xx_it.o
    0x080041f8   0x00000004   Code   RO         4043    i.UsageFault_Handler  stm32f7xx_it.o
    0x080041fc   0x00000004   Code   RO         3792    i._Error_Handler    main.o
    0x08004200   0x00000010   Code   RO         4627    i.__0printf$bare    mc_w.l(printfb.o)
    0x08004210   0x0000000e   Code   RO         4956    i.__scatterload_copy  mc_w.l(handlers.o)
    0x0800421e   0x00000002   Code   RO         4957    i.__scatterload_null  mc_w.l(handlers.o)
    0x08004220   0x0000000e   Code   RO         4958    i.__scatterload_zeroinit  mc_w.l(handlers.o)
    0x0800422e   0x00000022   Code   RO         4634    i._printf_core      mc_w.l(printfb.o)
    0x08004250   0x00000018   Code   RO          323    i.fputc             device.o
    0x08004268   0x00000030   Code   RO         3793    i.main              main.o
    0x08004298   0x00000016   Code   RO          542    i.mydelay           mg354_spi.o
    0x080042ae   0x00000018   Data   RO           15    .constdata          system_stm32f7xx.o
    0x080042c6   0x00000008   Data   RO         2766    .constdata          stm32f7xx_hal_dma.o
    0x080042ce   0x00000002   PAD
    0x080042d0   0x00000020   Data   RO         4954    Region$$Table       anon$$obj.o


    Execution Region RW_IRAM1 (Base: 0x20000000, Size: 0x00004378, Max: 0x00080000, ABSOLUTE)

    Base Addr    Size         Type   Attr      Idx    E Section Name        Object

    0x20000000   0x00000004   Data   RW           16    .data               system_stm32f7xx.o
    0x20000004   0x00000008   Data   RW          151    .data               mainentry.o
    0x2000000c   0x0000009e   Data   RW          325    .data               device.o
    0x200000aa   0x00000001   Data   RW          543    .data               mg354_spi.o
    0x200000ab   0x00000001   PAD
    0x200000ac   0x00000009   Data   RW         3145    .data               stm32f7xx_hal.o
    0x200000b5   0x00000001   PAD
    0x200000b6   0x00000004   Data   RW         4235    .data               msg_qsens.o
    0x200000ba   0x00000002   PAD
    0x200000bc   0x00000004   Data   RW         4928    .data               mc_w.l(stdout.o)
    0x200000c0   0x000015a0   Zero   RW          324    .bss                device.o
    0x20001660   0x00000064   Zero   RW         3888    .bss                spi.o
    0x200016c4   0x00000040   Zero   RW         3930    .bss                tim.o
    0x20001704   0x00000220   Zero   RW         3975    .bss                usart.o
    0x20001924   0x000001b0   Zero   RW         4171    .bss                message.o
    0x20001ad4   0x000000a0   Zero   RW         4234    .bss                msg_qsens.o
    0x20001b74   0x00000004   PAD
    0x20001b78   0x00002800   Zero   RW            1    STACK               startup_stm32f767xx.o


==============================================================================

Image component sizes


      Code (inc. data)   RO Data    RW Data    ZI Data      Debug   Object Name

       532         98          0        158       5536       8180   device.o
        52          4          0          0          0        726   dma.o
        48         10          0          0          0        549   dvc_led.o
       158          0          0          0          0       3120   enhancedstm32.o
       196          0          0          0          0       3953   global.o
       276         18          0          0          0       1003   gpio.o
       312         26          0          0          0       2153   main.o
       100         22          0          8          0       7490   mainentry.o
        40         10          0          0        432       1864   message.o
       826         84          0          1          0       6964   mg354_spi.o
       264          8          0          4        160       6598   msg_qsens.o
       232          0          0          0          0       6027   parseframe.o
       192         40          0          0        100       1597   spi.o
        36          8        504          0      10240        832   startup_stm32f767xx.o
       174         30          0          9          0       3925   stm32f7xx_hal.o
       348         22          0          0          0      37585   stm32f7xx_hal_cortex.o
      1276         16          8          0          0       6170   stm32f7xx_hal_dma.o
       556         52          0          0          0       3017   stm32f7xx_hal_gpio.o
       148          6          0          0          0        878   stm32f7xx_hal_msp.o
       144          8          0          0          0       1260   stm32f7xx_hal_pwr_ex.o
      1860         70          0          0          0       5484   stm32f7xx_hal_rcc.o
      1880         16          0          0          0       2224   stm32f7xx_hal_rcc_ex.o
      1638          0          0          0          0       6572   stm32f7xx_hal_spi.o
       770         44          0          0          0       5711   stm32f7xx_hal_tim.o
       112         10          0          0          0       2518   stm32f7xx_hal_tim_ex.o
      2854         68          0          0          0      15509   stm32f7xx_hal_uart.o
       132         36          0          0          0       6973   stm32f7xx_it.o
       100         18         24          4          0     863611   system_stm32f7xx.o
       160         34          0          0         64       1526   tim.o
       796        148          0          0        544       3554   usart.o

    ----------------------------------------------------------------------
     16234        906        570        188      17080    1017573   Object Totals
         0          0         32          0          0          0   (incl. Generated)
        22          0          2          4          4          0   (incl. Padding)

    ----------------------------------------------------------------------

      Code (inc. data)   RO Data    RW Data    ZI Data      Debug   Library Member Name

         0          0          0          0          0          0   entry.o
         0          0          0          0          0          0   entry10a.o
         0          0          0          0          0          0   entry11a.o
         8          4          0          0          0          0   entry2.o
         4          0          0          0          0          0   entry5.o
         0          0          0          0          0          0   entry7b.o
         0          0          0          0          0          0   entry8b.o
         8          4          0          0          0          0   entry9a.o
        30          0          0          0          0          0   handlers.o
        36          8          0          0          0         68   init.o
        30          0          0          0          0         68   llshl.o
        32          0          0          0          0         68   llushr.o
        36          0          0          0          0         68   memcpya.o
        50          8          0          0          0        152   printfb.o
         0          0          0          4          0          0   stdout.o
        98          0          0          0          0         92   uldiv.o

    ----------------------------------------------------------------------
       332         24          0          4          0        516   Library Totals
         0          0          0          0          0          0   (incl. Padding)

    ----------------------------------------------------------------------

      Code (inc. data)   RO Data    RW Data    ZI Data      Debug   Library Name

       332         24          0          4          0        516   mc_w.l

    ----------------------------------------------------------------------
       332         24          0          4          0        516   Library Totals

    ----------------------------------------------------------------------

==============================================================================


      Code (inc. data)   RO Data    RW Data    ZI Data      Debug   

     16566        930        570        192      17080    1004985   Grand Totals
     16566        930        570        192      17080    1004985   ELF Image Totals
     16566        930        570        192          0          0   ROM Totals

==============================================================================

    Total RO  Size (Code + RO Data)                17136 (  16.73kB)
    Total RW  Size (RW Data + ZI Data)             17272 (  16.87kB)
    Total ROM Size (Code + RO Data + RW Data)      17328 (  16.92kB)

==============================================================================

